 zlib

 Timestamp is 5fc7069f (Wed Dec  2 11:14:39 2020)

 Preferred load address is 10000000

 Start         Length     Name                   Class
 0001:00000000 00052d6dH .text$mn                CODE
 0001:00052d6d 0000008eH .text$x                 CODE
 0002:00000000 00000150H .idata$5                DATA
 0002:00000150 00000004H .00cfg                  DATA
 0002:00000154 00000004H .CRT$XCA                DATA
 0002:00000158 00000004H .CRT$XCZ                DATA
 0002:0000015c 00000004H .CRT$XIA                DATA
 0002:00000160 0000000cH .CRT$XIC                DATA
 0002:0000016c 00000004H .CRT$XIZ                DATA
 0002:00000170 00000004H .CRT$XPA                DATA
 0002:00000174 00000008H .CRT$XPX                DATA
 0002:0000017c 00000004H .CRT$XPXA               DATA
 0002:00000180 00000004H .CRT$XPZ                DATA
 0002:00000184 00000004H .CRT$XTA                DATA
 0002:00000188 00000008H .CRT$XTZ                DATA
 0002:0000018c 00000000H .gfids$y                DATA
 0002:00000190 0000b944H .rdata                  DATA
 0002:0000bad4 000002a0H .rdata$r                DATA
 0002:0000bd74 00000300H .rdata$zzzdbg           DATA
 0002:0000c074 00000004H .rtc$IAA                DATA
 0002:0000c078 00000004H .rtc$IZZ                DATA
 0002:0000c07c 00000004H .rtc$TAA                DATA
 0002:0000c080 00000008H .rtc$TZZ                DATA
 0002:0000c088 00000aa8H .xdata$x                DATA
 0002:0000cb30 00000cf8H .edata                  DATA
 0002:0000d828 00000014H .idata$2                DATA
 0002:0000d83c 00000014H .idata$3                DATA
 0002:0000d850 00000150H .idata$4                DATA
 0002:0000d9a0 00000616H .idata$6                DATA
 0003:00000000 000008b0H .data                   DATA
 0003:000008b0 00000110H .data$r                 DATA
 0003:000009c0 000012c8H .bss                    DATA
 0004:00000000 00000060H .rsrc$01                DATA
 0004:00000060 00000338H .rsrc$02                DATA

  Address         Publics by Value              Rva+Base       Lib:Object

 0000:00000000       ___volatile_metadata       00000000     <absolute>
 0000:00000000       ___hybrid_code_map_count   00000000     <absolute>
 0000:00000000       ___hybrid_auxiliary_iat    00000000     <absolute>
 0000:00000000       ___guard_longjmp_table     00000000     <absolute>
 0000:00000000       ___guard_fids_count        00000000     <absolute>
 0000:00000000       ___safe_se_handler_count   00000000     <absolute>
 0000:00000000       ___AbsoluteZero            00000000     <absolute>
 0000:00000000       ___guard_iat_table         00000000     <absolute>
 0000:00000000       ___guard_fids_table        00000000     <absolute>
 0000:00000000       ___guard_iat_count         00000000     <absolute>
 0000:00000000       ___enclave_config          00000000     <absolute>
 0000:00000000       ___safe_se_handler_table   00000000     <absolute>
 0000:00000000       ___dynamic_value_reloc_table 00000000     <absolute>
 0000:00000000       ___guard_longjmp_count     00000000     <absolute>
 0000:00000000       __except_list              00000000     <absolute>
 0000:00000000       ___hybrid_code_map         00000000     <absolute>
 0000:00000100       ___guard_flags             00000100     <absolute>
 0000:00000000       ___ImageBase               10000000     <linker-defined>
 0001:00000000       _adler32_z@12              10001000 f   adler32.obj
 0001:00000280       _adler32@12                10001280 f   adler32.obj
 0001:000003c0       _adler32_combine@12        100013c0 f   adler32.obj
 0001:000003e0       _compress2@20              100013e0 f   compress.obj
 0001:000004c0       _compress@16               100014c0 f   compress.obj
 0001:000004e0       _compressBound@4           100014e0 f   compress.obj
 0001:00000500       _get_crc_table@0           10001500 f   crc32.obj
 0001:00000510       _crc32_z@12                10001510 f   crc32.obj
 0001:00000540       _crc32@12                  10001540 f   crc32.obj
 0001:00000c10       _crc32_combine@12          10001c10 f   crc32.obj
 0001:00000ca0       _deflateInit_@16           10001ca0 f   deflate.obj
 0001:00000cc0       _deflateInit2_@32          10001cc0 f   deflate.obj
 0001:00000f50       _deflateSetDictionary@12   10001f50 f   deflate.obj
 0001:000010f0       _deflateGetDictionary@12   100020f0 f   deflate.obj
 0001:00001150       _deflateResetKeep@4        10002150 f   deflate.obj
 0001:00001200       _deflateReset@4            10002200 f   deflate.obj
 0001:00001230       _deflateSetHeader@8        10002230 f   deflate.obj
 0001:00001260       _deflatePending@12         10002260 f   deflate.obj
 0001:000012a0       _deflatePrime@12           100022a0 f   deflate.obj
 0001:00001340       _deflateParams@12          10002340 f   deflate.obj
 0001:00001490       _deflateTune@20            10002490 f   deflate.obj
 0001:000014e0       _deflateBound@8            100024e0 f   deflate.obj
 0001:00001650       _deflate@8                 10002650 f   deflate.obj
 0001:00001f10       _deflateEnd@4              10002f10 f   deflate.obj
 0001:00001fc0       _deflateCopy@8             10002fc0 f   deflate.obj
 0001:000032c0       _gzclose@4                 100042c0 f   gzclose.obj
 0001:000032f0       ___local_stdio_printf_options 100042f0 f i gzlib.obj
 0001:00003300       _vsnprintf                 10004300 f i gzlib.obj
 0001:00003340       _snprintf                  10004340 f i gzlib.obj
 0001:00003700       _gzopen@8                  10004700 f   gzlib.obj
 0001:00003720       _gzdopen@8                 10004720 f   gzlib.obj
 0001:00003780       _gzopen_w@8                10004780 f   gzlib.obj
 0001:000037a0       _gzbuffer@8                100047a0 f   gzlib.obj
 0001:000037f0       _gzrewind@4                100047f0 f   gzlib.obj
 0001:00003850       _gzseek64@16               10004850 f   gzlib.obj
 0001:000039e0       _gzseek@12                 100049e0 f   gzlib.obj
 0001:00003a20       _gztell64@4                10004a20 f   gzlib.obj
 0001:00003a80       _gztell@4                  10004a80 f   gzlib.obj
 0001:00003ab0       _gzoffset64@4              10004ab0 f   gzlib.obj
 0001:00003b00       _gzoffset@4                10004b00 f   gzlib.obj
 0001:00003b30       _gzeof@4                   10004b30 f   gzlib.obj
 0001:00003b60       _gzerror@8                 10004b60 f   gzlib.obj
 0001:00003bb0       _gzclearerr@4              10004bb0 f   gzlib.obj
 0001:00003c00       _gz_error                  10004c00 f   gzlib.obj
 0001:000042d0       _gzread@12                 100052d0 f   gzread.obj
 0001:00004340       _gzfread@16                10005340 f   gzread.obj
 0001:000043c0       _gzgetc@4                  100053c0 f   gzread.obj
 0001:00004430       _gzgetc_@4                 10005430 f   gzread.obj
 0001:00004440       _gzungetc@8                10005440 f   gzread.obj
 0001:00004540       _gzgets@12                 10005540 f   gzread.obj
 0001:00004670       _gzdirect@4                10005670 f   gzread.obj
 0001:000046b0       _gzclose_r@4               100056b0 f   gzread.obj
 0001:00004b20       _gzwrite@12                10005b20 f   gzwrite.obj
 0001:00004b70       _gzfwrite@16               10005b70 f   gzwrite.obj
 0001:00004be0       _gzputc@8                  10005be0 f   gzwrite.obj
 0001:00004cb0       _gzputs@8                  10005cb0 f   gzwrite.obj
 0001:00004d00       _gzvprintf                 10005d00 f   gzwrite.obj
 0001:00004e30       _gzprintf                  10005e30 f   gzwrite.obj
 0001:00004e50       _gzflush@8                 10005e50 f   gzwrite.obj
 0001:00004ec0       _gzsetparams@12            10005ec0 f   gzwrite.obj
 0001:00004f80       _gzclose_w@4               10005f80 f   gzwrite.obj
 0001:00005050       _inflateBackInit_@20       10006050 f   infback.obj
 0001:00005150       _inflateBack@20            10006150 f   infback.obj
 0001:00005f30       _inflateBackEnd@4          10006f30 f   infback.obj
 0001:00005f70       _inflate_fast              10006f70 f   inffast.obj
 0001:00006400       _inflateResetKeep@4        10007400 f   inflate.obj
 0001:000064a0       _inflateReset@4            100074a0 f   inflate.obj
 0001:000064e0       _inflateReset2@8           100074e0 f   inflate.obj
 0001:00006570       _inflateInit2_@16          10007570 f   inflate.obj
 0001:00006640       _inflateInit_@12           10007640 f   inflate.obj
 0001:00006660       _inflatePrime@12           10007660 f   inflate.obj
 0001:000067f0       _inflate@8                 100077f0 f   inflate.obj
 0001:00007fc0       _inflateEnd@4              10008fc0 f   inflate.obj
 0001:00008010       _inflateGetDictionary@12   10009010 f   inflate.obj
 0001:00008080       _inflateSetDictionary@12   10009080 f   inflate.obj
 0001:00008120       _inflateGetHeader@8        10009120 f   inflate.obj
 0001:000081e0       _inflateSync@4             100091e0 f   inflate.obj
 0001:000082d0       _inflateSyncPoint@4        100092d0 f   inflate.obj
 0001:00008310       _inflateCopy@8             10009310 f   inflate.obj
 0001:00008460       _inflateUndermine@8        10009460 f   inflate.obj
 0001:00008490       _inflateValidate@8         10009490 f   inflate.obj
 0001:000084d0       _inflateMark@4             100094d0 f   inflate.obj
 0001:00008540       _inflateCodesUsed@4        10009540 f   inflate.obj
 0001:00008570       _inflate_table             10009570 f   inftrees.obj
 0001:00008980       _call_zopen64              10009980 f   ioapi.obj
 0001:000089a0       _call_zseek64              100099a0 f   ioapi.obj
 0001:000089f0       _call_ztell64              100099f0 f   ioapi.obj
 0001:00008a20       _fill_zlib_filefunc64_32_def_from_filefunc32 10009a20 f   ioapi.obj
 0001:00008c30       _fill_fopen64_filefunc     10009c30 f   ioapi.obj
 0001:00008d20       _win32_open64_file_func    10009d20 f   iowin32.obj
 0001:00008d80       _win32_open64_file_funcA   10009d80 f   iowin32.obj
 0001:00008de0       _win32_open64_file_funcW   10009de0 f   iowin32.obj
 0001:00008e40       _win32_open_file_func      10009e40 f   iowin32.obj
 0001:00008ea0       _win32_read_file_func      10009ea0 f   iowin32.obj
 0001:00008ef0       _win32_write_file_func     10009ef0 f   iowin32.obj
 0001:00008fa0       _win32_tell_file_func      10009fa0 f   iowin32.obj
 0001:00008ff0       _win32_tell64_file_func    10009ff0 f   iowin32.obj
 0001:00009050       _win32_seek_file_func      1000a050 f   iowin32.obj
 0001:000090c0       _win32_seek64_file_func    1000a0c0 f   iowin32.obj
 0001:00009140       _win32_close_file_func     1000a140 f   iowin32.obj
 0001:00009170       _win32_error_file_func     1000a170 f   iowin32.obj
 0001:00009190       _fill_win32_filefunc       1000a190 f   iowin32.obj
 0001:000091d0       _fill_win32_filefunc64     1000a1d0 f   iowin32.obj
 0001:00009210       _fill_win32_filefunc64A    1000a210 f   iowin32.obj
 0001:00009250       _fill_win32_filefunc64W    1000a250 f   iowin32.obj
 0001:000092a0       __tr_init                  1000a2a0 f   trees.obj
 0001:0000a280       __tr_stored_block          1000b280 f   trees.obj
 0001:0000a380       __tr_flush_bits            1000b380 f   trees.obj
 0001:0000a390       __tr_align                 1000b390 f   trees.obj
 0001:0000a470       __tr_flush_block           1000b470 f   trees.obj
 0001:0000ac20       _uncompress2@16            1000bc20 f   uncompr.obj
 0001:0000ad50       _uncompress@16             1000bd50 f   uncompr.obj
 0001:0000b0d0       _unzStringFileNameCompare@12 1000c0d0 f   unzip.obj
 0001:0000b9a0       _unzOpen2@8                1000c9a0 f   unzip.obj
 0001:0000b9f0       _unzOpen2_64@8             1000c9f0 f   unzip.obj
 0001:0000ba50       _unzOpen@4                 1000ca50 f   unzip.obj
 0001:0000ba70       _unzOpen64@4               1000ca70 f   unzip.obj
 0001:0000ba90       _unzClose@4                1000ca90 f   unzip.obj
 0001:0000bad0       _unzGetGlobalInfo64@8      1000cad0 f   unzip.obj
 0001:0000bb00       _unzGetGlobalInfo@8        1000cb00 f   unzip.obj
 0001:0000c160       _unzGetCurrentFileInfo64@32 1000d160 f   unzip.obj
 0001:0000c190       _unzGetCurrentFileInfo@32  1000d190 f   unzip.obj
 0001:0000c250       _unzGoToFirstFile@4        1000d250 f   unzip.obj
 0001:0000c2c0       _unzGoToNextFile@4         1000d2c0 f   unzip.obj
 0001:0000c370       _unzLocateFile@12          1000d370 f   unzip.obj
 0001:0000c520       _unzGetFilePos64@8         1000d520 f   unzip.obj
 0001:0000c570       _unzGetFilePos@8           1000d570 f   unzip.obj
 0001:0000c5a0       _unzGoToFilePos64@8        1000d5a0 f   unzip.obj
 0001:0000c610       _unzGoToFilePos@8          1000d610 f   unzip.obj
 0001:0000c8b0       _unzOpenCurrentFile3@20    1000d8b0 f   unzip.obj
 0001:0000cb30       _unzOpenCurrentFile@4      1000db30 f   unzip.obj
 0001:0000cb50       _unzOpenCurrentFilePassword@8 1000db50 f   unzip.obj
 0001:0000cb70       _unzOpenCurrentFile2@16    1000db70 f   unzip.obj
 0001:0000cb90       _unzGetCurrentFileZStreamPos64@4 1000db90 f   unzip.obj
 0001:0000cbd0       _unzReadCurrentFile@12     1000dbd0 f   unzip.obj
 0001:0000ceb0       _unztell@4                 1000deb0 f   unzip.obj
 0001:0000cee0       _unztell64@4               1000dee0 f   unzip.obj
 0001:0000cf10       _unzeof@4                  1000df10 f   unzip.obj
 0001:0000cf50       _unzGetLocalExtrafield@12  1000df50 f   unzip.obj
 0001:0000d020       _unzCloseCurrentFile@4     1000e020 f   unzip.obj
 0001:0000d0b0       _unzGetGlobalComment@12    1000e0b0 f   unzip.obj
 0001:0000dce0       _LoadCentralDirectoryRecord 1000ece0 f   zip.obj
 0001:0000e1a0       _zipOpen3@16               1000f1a0 f   zip.obj
 0001:0000e310       _zipOpen2@16               1000f310 f   zip.obj
 0001:0000e360       _zipOpen2_64@16            1000f360 f   zip.obj
 0001:0000e3c0       _zipOpen@8                 1000f3c0 f   zip.obj
 0001:0000e3e0       _zipOpen64@8               1000f3e0 f   zip.obj
 0001:0000e400       _Write_LocalFileHeader     1000f400 f   zip.obj
 0001:0000e640       _zipOpenNewFileInZip4_64@76 1000f640 f   zip.obj
 0001:0000eba0       _zipOpenNewFileInZip3@64   1000fba0 f   zip.obj
 0001:0000ebf0       _zipOpenNewFileInZip3_64@68 1000fbf0 f   zip.obj
 0001:0000ec40       _zipOpenNewFileInZip2@44   1000fc40 f   zip.obj
 0001:0000ec80       _zipOpenNewFileInZip2_64@48 1000fc80 f   zip.obj
 0001:0000ecc0       _zipOpenNewFileInZip64@44  1000fcc0 f   zip.obj
 0001:0000ed00       _zipOpenNewFileInZip@40    1000fd00 f   zip.obj
 0001:0000ee00       _zipWriteInFileInZip@12    1000fe00 f   zip.obj
 0001:0000ef10       _zipCloseFileInZipRaw@12   1000ff10 f   zip.obj
 0001:0000ef30       _zipCloseFileInZipRaw64@16 1000ff30 f   zip.obj
 0001:0000f440       _zipCloseFileInZip@4       10010440 f   zip.obj
 0001:0000f460       _Write_Zip64EndOfCentralDirectoryLocator 10010460 f   zip.obj
 0001:0000f4e0       _Write_Zip64EndOfCentralDirectoryRecord 100104e0 f   zip.obj
 0001:0000f600       _Write_EndOfCentralDirectoryRecord 10010600 f   zip.obj
 0001:0000f730       _Write_GlobalComment       10010730 f   zip.obj
 0001:0000f7a0       _zipClose@8                100107a0 f   zip.obj
 0001:0000f930       _zlibVersion@0             10010930 f   zutil.obj
 0001:0000f940       _zlibCompileFlags@0        10010940 f   zutil.obj
 0001:0000f950       _zError@4                  10010950 f   zutil.obj
 0001:0000f970       _zcalloc                   10010970 f   zutil.obj
 0001:0000f990       _zcfree                    10010990 f   zutil.obj
 0001:0000f9a0       _longest_match             100109a0 f   match686.obj
 0001:0000fb84       _match_init                10010b84 f   match686.obj
 0001:0000fc90       _inflate_fast_1            10010c90 f   inffas32.obj
 0001:00010323       _ReadFile@20               10011323 f   kernel32:KERNEL32.dll
 0001:00010329       _WriteFile@20              10011329 f   kernel32:KERNEL32.dll
 0001:0001032f       _SetFilePointer@16         1001132f f   kernel32:KERNEL32.dll
 0001:00010335       _CreateFileW@28            10011335 f   kernel32:KERNEL32.dll
 0001:0001033b       _GetLastError@0            1001133b f   kernel32:KERNEL32.dll
 0001:00010341       _CreateFileA@28            10011341 f   kernel32:KERNEL32.dll
 0001:00010347       _CloseHandle@4             10011347 f   kernel32:KERNEL32.dll
 0001:00010688       __CRT_INIT@12              10011688 f   LIBCMT:dll_dllmain.obj
 0001:00010691       __DllMainCRTStartup@12     10011691 f   LIBCMT:dll_dllmain.obj
 0001:00010701       ___security_init_cookie    10011701 f   LIBCMT:gs_support.obj
 0001:0001074c       _DllMain@12                1001174c f   LIBCMT:dll_dllmain_stub.obj
 0001:00010752       ?__scrt_initialize_type_info@@YAXXZ 10011752 f   LIBCMT:tncleanup.obj
 0001:0001075e       ?__scrt_uninitialize_type_info@@YAXXZ 1001175e f   LIBCMT:tncleanup.obj
 0001:0001076a       ___local_stdio_scanf_options 1001176a f i LIBCMT:default_local_stdio_options.obj
 0001:00010770       ___scrt_initialize_default_local_stdio_options 10011770 f   LIBCMT:default_local_stdio_options.obj
 0001:0001078d       ?configure_argv@__scrt_narrow_argv_policy@@SAHXZ 1001178d f i LIBCMT:utility.obj
 0001:000107de       ?initialize_environment@__scrt_narrow_environment_policy@@SAHXZ 100117de f i LIBCMT:utility.obj
 0001:00010817       _NtCurrentTeb              10011817 f i LIBCMT:utility.obj
 0001:0001081e       ___scrt_acquire_startup_lock 1001181e f   LIBCMT:utility.obj
 0001:00010850       ___scrt_dllmain_after_initialize_c 10011850 f   LIBCMT:utility.obj
 0001:0001087b       ___scrt_dllmain_before_initialize_c 1001187b f   LIBCMT:utility.obj
 0001:00010889       ___scrt_dllmain_crt_thread_attach 10011889 f   LIBCMT:utility.obj
 0001:000108a8       ___scrt_dllmain_crt_thread_detach 100118a8 f   LIBCMT:utility.obj
 0001:000108b5       ___scrt_dllmain_exception_filter 100118b5 f   LIBCMT:utility.obj
 0001:000108e9       ___scrt_dllmain_uninitialize_c 100118e9 f   LIBCMT:utility.obj
 0001:0001090c       ___scrt_dllmain_uninitialize_critical 1001190c f   LIBCMT:utility.obj
 0001:00010919       ___scrt_initialize_crt     10011919 f   LIBCMT:utility.obj
 0001:00010952       ___scrt_initialize_onexit_tables 10011952 f   LIBCMT:utility.obj
 0001:000109d9       ___scrt_is_nonwritable_in_current_image 100119d9 f   LIBCMT:utility.obj
 0001:00010a6d       ___scrt_release_startup_lock 10011a6d f   LIBCMT:utility.obj
 0001:00010a8a       ___scrt_uninitialize_crt   10011a8a f   LIBCMT:utility.obj
 0001:00010ab2       __onexit                   10011ab2 f   LIBCMT:utility.obj
 0001:00010adf       _at_quick_exit             10011adf f   LIBCMT:utility.obj
 0001:00010b02       _atexit                    10011b02 f   LIBCMT:utility.obj
 0001:00010b17       ___scrt_get_dyn_tls_init_callback 10011b17 f   LIBCMT:dyn_tls_init.obj
 0001:00010b1d       ___scrt_fastfail           10011b1d f   LIBCMT:utility_desktop.obj
 0001:00010c37       ___scrt_get_show_window_mode 10011c37 f   LIBCMT:utility_desktop.obj
 0001:00010c68       ___scrt_initialize_mta     10011c68 f   LIBCMT:utility_desktop.obj
 0001:00010c6d       ___scrt_initialize_winrt   10011c6d f   LIBCMT:utility_desktop.obj
 0001:00010c70       ___scrt_is_managed_app     10011c70 f   LIBCMT:utility_desktop.obj
 0001:00010cb3       ___scrt_set_unhandled_exception_filter 10011cb3 f   LIBCMT:utility_desktop.obj
 0001:00010cbf       ___scrt_stub_for_initialize_mta 10011cbf f   LIBCMT:utility_desktop.obj
 0001:00010cbf       ___scrt_exe_initialize_mta 10011cbf f   LIBCMT:utility_desktop.obj
 0001:00010cc2       ___scrt_unhandled_exception_filter@4 10011cc2 f   LIBCMT:utility_desktop.obj
 0001:00010d18       __crt_debugger_hook        10011d18 f   LIBCMT:utility_desktop.obj
 0001:00010d20       __RTC_Initialize           10011d20 f   LIBCMT:initsect.obj
 0001:00010d4c       __RTC_Terminate            10011d4c f   LIBCMT:initsect.obj
 0001:00010d80       __SEH_prolog4              10011d80 f   LIBCMT:sehprolg4.obj
 0001:00010dc6       __SEH_epilog4              10011dc6 f   LIBCMT:sehprolg4.obj
 0001:00010ddb       @_guard_check_icall_nop@4  10011ddb f i LIBCMT:guard_support.obj
 0001:00010ddc       _ReadNoFence               10011ddc f i LIBCMT:guard_support.obj
 0001:00010de6       _ReadPointerNoFence        10011de6 f i LIBCMT:guard_support.obj
 0001:00010df0       __guard_icall_checks_enforced 10011df0 f i LIBCMT:guard_support.obj
 0001:00010e02       ___isa_available_init      10011e02 f   LIBCMT:cpu_disp.obj
 0001:00010fd2       __get_startup_argv_mode    10011fd2 f   LIBCMT:argv_mode.obj
 0001:00010fd6       ___scrt_is_ucrt_dll_in_use 10011fd6 f   LIBCMT:ucrt_detection.obj
 0001:00010fe2       @__security_check_cookie@4 10011fe2 f   LIBCMT:secchk.obj
 0001:00010ff3       ___raise_securityfailure   10011ff3 f   LIBCMT:gs_report.obj
 0001:0001101b       ___report_gsfailure        1001201b f   LIBCMT:gs_report.obj
 0001:00011114       ___report_rangecheckfailure 10012114 f   LIBCMT:gs_report.obj
 0001:00011120       ___report_securityfailure  10012120 f   LIBCMT:gs_report.obj
 0001:000111ee       ___report_securityfailureEx 100121ee f   LIBCMT:gs_report.obj
 0001:00011350       __except_handler4          10012350 f   libvcruntime:chandler4.obj
 0001:000114bc       ??$?RD@__crt_internal_free_policy@@QBEXQBD@Z 100124bc f i libvcruntime:std_type_info.obj
 0001:000114cc       ??$?RX@__crt_internal_free_policy@@QBEXQBX@Z 100124cc f i libvcruntime:std_type_info.obj
 0001:000114dc       ??$__crt_interlocked_compare_exchange_pointer@$$CBDPAD$$T@@YAPBDPDSBDQAD$$T@Z 100124dc f i libvcruntime:std_type_info.obj
 0001:000114ee       ??$__crt_interlocked_read_pointer@$$CBD@@YAPBDPDSBD@Z 100124ee f i libvcruntime:std_type_info.obj
 0001:000114f8       ??0?$__crt_unique_heap_ptr@DU__crt_internal_free_policy@@@@QAE@QAD@Z 100124f8 f i libvcruntime:std_type_info.obj
 0001:00011506       ??0?$__crt_unique_heap_ptr@XU__crt_internal_free_policy@@@@QAE@QAX@Z 10012506 f i libvcruntime:std_type_info.obj
 0001:00011514       ??1?$__crt_unique_heap_ptr@DU__crt_internal_free_policy@@@@QAE@XZ 10012514 f i libvcruntime:std_type_info.obj
 0001:00011524       ??1?$__crt_unique_heap_ptr@XU__crt_internal_free_policy@@@@QAE@XZ 10012524 f i libvcruntime:std_type_info.obj
 0001:00011534       ??B?$__crt_unique_heap_ptr@DU__crt_internal_free_policy@@@@QBE_NXZ 10012534 f i libvcruntime:std_type_info.obj
 0001:0001153b       ??B?$__crt_unique_heap_ptr@XU__crt_internal_free_policy@@@@QBE_NXZ 1001253b f i libvcruntime:std_type_info.obj
 0001:0001156e       ?__crt_interlocked_read_32@@YAHPDH@Z 1001256e f i libvcruntime:std_type_info.obj
 0001:00011578       ?detach@?$__crt_unique_heap_ptr@XU__crt_internal_free_policy@@@@QAEPAXXZ 10012578 f i libvcruntime:std_type_info.obj
 0001:0001157e       ?get@?$__crt_unique_heap_ptr@DU__crt_internal_free_policy@@@@QBEPADXZ 1001257e f i libvcruntime:std_type_info.obj
 0001:00011581       ?get@?$__crt_unique_heap_ptr@XU__crt_internal_free_policy@@@@QBEPAXXZ 10012581 f i libvcruntime:std_type_info.obj
 0001:00011584       ?is_valid@?$__crt_unique_heap_ptr@DU__crt_internal_free_policy@@@@QBE_NXZ 10012584 f i libvcruntime:std_type_info.obj
 0001:0001158b       ?is_valid@?$__crt_unique_heap_ptr@XU__crt_internal_free_policy@@@@QBE_NXZ 1001258b f i libvcruntime:std_type_info.obj
 0001:00011592       ?release@?$__crt_unique_heap_ptr@DU__crt_internal_free_policy@@@@QAEXXZ 10012592 f i libvcruntime:std_type_info.obj
 0001:000115a2       ?release@?$__crt_unique_heap_ptr@XU__crt_internal_free_policy@@@@QAEXXZ 100125a2 f i libvcruntime:std_type_info.obj
 0001:000115b2       ___std_type_info_compare   100125b2 f   libvcruntime:std_type_info.obj
 0001:000115ee       ___std_type_info_destroy_list 100125ee f   libvcruntime:std_type_info.obj
 0001:00011611       ___std_type_info_hash      10012611 f   libvcruntime:std_type_info.obj
 0001:00011637       ___std_type_info_name      10012637 f   libvcruntime:std_type_info.obj
 0001:000116fc       ___vcrt_initialize         100126fc f   libvcruntime:initialization.obj
 0001:0001171b       ___vcrt_thread_attach      1001271b f   libvcruntime:initialization.obj
 0001:00011726       ___vcrt_thread_detach      10012726 f   libvcruntime:initialization.obj
 0001:00011731       ___vcrt_uninitialize       10012731 f   libvcruntime:initialization.obj
 0001:00011748       ___vcrt_uninitialize_critical 10012748 f   libvcruntime:initialization.obj
 0001:00011751       ___DestructExceptionObject 10012751 f   libvcruntime:ehhelpers.obj
 0001:000117f2       ?_CallMemberFunction0@@YGXQAX0@Z 100127f2 f i libvcruntime:ehhelpers.obj
 0001:00011857       ?raw_name@type_info@@QBEPBDXZ 10012857 f i libvcruntime:ehhelpers.obj
 0001:0001185b       __IsExceptionObjectToBeDestroyed 1001285b f   libvcruntime:ehhelpers.obj
 0001:00011881       __SetWinRTOutOfMemoryExceptionCallback 10012881 f   libvcruntime:ehhelpers.obj
 0001:0001188e       ___AdjustPointer           1001288e f   libvcruntime:ehhelpers.obj
 0001:000118b3       ___FrameUnwindFilter       100128b3 f   libvcruntime:ehhelpers.obj
 0001:00011909       ___GetPlatformExceptionInfo 10012909 f   libvcruntime:ehhelpers.obj
 0001:00011955       ___current_exception       10012955 f   libvcruntime:ehhelpers.obj
 0001:0001195e       ___current_exception_context 1001295e f   libvcruntime:ehhelpers.obj
 0001:00011967       ___processing_throw        10012967 f   libvcruntime:ehhelpers.obj
 0001:00011970       ___std_terminate           10012970 f   libvcruntime:ehhelpers.obj
 0001:00011975       __is_exception_typeof      10012975 f   libvcruntime:ehhelpers.obj
 0001:00011a20       _memset                    10012a20 f   libvcruntime:memset.obj
 0001:00011b80       __local_unwind4            10012b80 f   libvcruntime:exsup4.obj
 0001:00011c58       __seh_longjmp_unwind4@4    10012c58 f   libvcruntime:exsup4.obj
 0001:00011c80       @_EH4_CallFilterFunc@8     10012c80 f   libvcruntime:exsup4.obj
 0001:00011c98       @_EH4_TransferToHandler@8  10012c98 f   libvcruntime:exsup4.obj
 0001:00011cb4       @_EH4_GlobalUnwind2@8      10012cb4 f   libvcruntime:exsup4.obj
 0001:00011cd0       @_EH4_LocalUnwind@16       10012cd0 f   libvcruntime:exsup4.obj
 0001:00011cf2       ___except_validate_context_record 10012cf2 f   libvcruntime:jbcxrval.obj
 0001:00011d22       ___except_validate_jump_buffer 10012d22 f   libvcruntime:jbcxrval.obj
 0001:00011d4f       ___except_validate_jump_buffer_common 10012d4f f i libvcruntime:jbcxrval.obj
 0001:00011d88       ??$?0$00@DName@@QAE@PBDU?$StringLifeSelector@$00@@@Z 10012d88 f i libvcruntime:undname.obj
 0001:00011dbb       ??$?0$00@pcharNode@@QAE@PBDHU?$StringLifeSelector@$00@@@Z 10012dbb f i libvcruntime:undname.obj
 0001:00011dd6       ??$?0$01@DName@@QAE@PBDU?$StringLifeSelector@$01@@@Z 10012dd6 f i libvcruntime:undname.obj
 0001:00011e09       ??$?0$01@pcharNode@@QAE@PBDHU?$StringLifeSelector@$01@@@Z 10012e09 f i libvcruntime:undname.obj
 0001:00011e49       ??$?0$0A@@DName@@QAE@PBDU?$StringLifeSelector@$0A@@@@Z 10012e49 f i libvcruntime:undname.obj
 0001:00011e7c       ??$?0$0A@@pcharNode@@QAE@PBDHU?$StringLifeSelector@$0A@@@@Z 10012e7c f i libvcruntime:undname.obj
 0001:00011ebc       ??$append@VDNameNode@@@DName@@AAEXPBVDNameNode@@@Z 10012ebc f i libvcruntime:undname.obj
 0001:00011f00       ??$append@VDNameStatusNode@@@DName@@AAEXPBVDNameStatusNode@@@Z 10012f00 f i libvcruntime:undname.obj
 0001:00011f44       ??$append@VcharNode@@@DName@@AAEXPBVcharNode@@@Z 10012f44 f i libvcruntime:undname.obj
 0001:00011f88       ??$append@VpDNameNode@@@DName@@AAEXPBVpDNameNode@@@Z 10012f88 f i libvcruntime:undname.obj
 0001:00011fcc       ??$append@VpcharNode@@@DName@@AAEXPBVpcharNode@@@Z 10012fcc f i libvcruntime:undname.obj
 0001:00012010       ??$doPchar@$00@DName@@AAEXPBDH@Z 10013010 f i libvcruntime:undname.obj
 0001:0001207c       ??$doPchar@$01@DName@@AAEXPBDH@Z 1001307c f i libvcruntime:undname.obj
 0001:000120ed       ??$doPchar@$0A@@DName@@AAEXPBDH@Z 100130ed f i libvcruntime:undname.obj
 0001:0001215e       ??0Block@_HeapManager@@QAE@XZ 1001315e f i libvcruntime:undname.obj
 0001:00012164       ??0DName@@QAE@AAPBDD@Z     10013164 f   libvcruntime:undname.obj
 0001:000121e4       ??0DName@@QAE@ABUStringLiteral@@@Z 100131e4 f   libvcruntime:undname.obj
 0001:0001220b       ??0DName@@QAE@ABV0@@Z      1001320b f i libvcruntime:undname.obj
 0001:00012221       ??0DName@@QAE@D@Z          10013221 f   libvcruntime:undname.obj
 0001:0001223d       ??0DName@@QAE@PAV0@@Z      1001323d f   libvcruntime:undname.obj
 0001:00012284       ??0DName@@QAE@W4DNameStatus@@@Z 10013284 f   libvcruntime:undname.obj
 0001:000122c4       ??0DName@@QAE@XZ           100132c4 f i libvcruntime:undname.obj
 0001:000122ce       ??0DName@@QAE@_J@Z         100132ce f   libvcruntime:undname.obj
 0001:0001235a       ??0DName@@QAE@_K@Z         1001335a f   libvcruntime:undname.obj
 0001:000123c0       ??0DNameNode@@IAE@XZ       100133c0 f i libvcruntime:undname.obj
 0001:000123c9       ??0Replicator@@QAE@XZ      100133c9 f i libvcruntime:undname.obj
 0001:000123d8       ??0UnDecorator@@QAE@PBDP6APADJ@ZK@Z 100133d8 f i libvcruntime:undname.obj
 0001:00012424       ??0charNode@@QAE@D@Z       10013424 f i libvcruntime:undname.obj
 0001:00012439       ??0pDNameNode@@QAE@PAVDName@@@Z 10013439 f   libvcruntime:undname.obj
 0001:00012461       ??0pairNode@@QAE@PBVDNameNode@@0@Z 10013461 f i libvcruntime:undname.obj
 0001:00012487       ??2@YAPAXIAAV_HeapManager@@H@Z 10013487 f   libvcruntime:undname.obj
 0001:000124a6       ??4DName@@QAEAAV0@ABUStringLiteral@@@Z 100134a6 f   libvcruntime:undname.obj
 0001:000124c7       ??4DName@@QAEAAV0@ABV0@@Z  100134c7 f   libvcruntime:undname.obj
 0001:000124dd       ??4DName@@QAEAAV0@D@Z      100134dd f i libvcruntime:undname.obj
 0001:000124f9       ??4DName@@QAEAAV0@PAV0@@Z  100134f9 f   libvcruntime:undname.obj
 0001:0001253a       ??4DName@@QAEAAV0@W4DNameStatus@@@Z 1001353a f   libvcruntime:undname.obj
 0001:0001256c       ??AReplicator@@QBE?AVDName@@H@Z 1001356c f   libvcruntime:undname.obj
 0001:000125b2       ??H@YA?AVDName@@ABUStringLiteral@@ABV0@@Z 100135b2 f i libvcruntime:undname.obj
 0001:000125d4       ??H@YA?AVDName@@DABV0@@Z   100135d4 f i libvcruntime:undname.obj
 0001:000125ff       ??H@YA?AVDName@@W4DNameStatus@@ABV0@@Z 100135ff f i libvcruntime:undname.obj
 0001:00012621       ??HDName@@QBE?AV0@ABUStringLiteral@@@Z 10013621 f   libvcruntime:undname.obj
 0001:00012643       ??HDName@@QBE?AV0@ABV0@@Z  10013643 f   libvcruntime:undname.obj
 0001:00012665       ??HDName@@QBE?AV0@D@Z      10013665 f   libvcruntime:undname.obj
 0001:00012687       ??HDName@@QBE?AV0@PAV0@@Z  10013687 f   libvcruntime:undname.obj
 0001:000126a9       ??HDName@@QBE?AV0@W4DNameStatus@@@Z 100136a9 f   libvcruntime:undname.obj
 0001:000126cb       ??HStringLiteral@@QBE?AU0@H@Z 100136cb f i libvcruntime:undname.obj
 0001:000126e5       ??YDName@@QAEAAV0@ABUStringLiteral@@@Z 100136e5 f   libvcruntime:undname.obj
 0001:0001273d       ??YDName@@QAEAAV0@ABV0@@Z  1001373d f   libvcruntime:undname.obj
 0001:00012794       ??YDName@@QAEAAV0@D@Z      10013794 f   libvcruntime:undname.obj
 0001:000127e9       ??YDName@@QAEAAV0@PAV0@@Z  100137e9 f   libvcruntime:undname.obj
 0001:0001284d       ??YDName@@QAEAAV0@W4DNameStatus@@@Z 1001384d f   libvcruntime:undname.obj
 0001:0001288d       ??YReplicator@@QAEAAV0@ABVDName@@@Z 1001388d f   libvcruntime:undname.obj
 0001:000128d5       ??_5DName@@QAEAAV0@ABV0@@Z 100138d5 f   libvcruntime:undname.obj
 0001:000128f1       ??__K_l@@YA?AUStringLiteral@@PBDI@Z 100138f1 f i libvcruntime:undname.obj
 0001:000128fc       ?Constructor@_HeapManager@@QAEXP6APAXI@ZP6AXPAX@Z@Z 100138fc f i libvcruntime:undname.obj
 0001:00012919       ?Destructor@_HeapManager@@QAEXXZ 10013919 f i libvcruntime:undname.obj
 0001:00012960       ?UScore@UnDecorator@@SA?AUStringLiteral@@W4Tokens@@@Z 10013960 f   libvcruntime:undname.obj
 0001:00012987       ?composeDeclaration@UnDecorator@@CA?AVDName@@ABV2@@Z 10013987 f i libvcruntime:undname.obj
 0001:00013688       ?doAccessSpecifiers@UnDecorator@@SAHXZ 10014688 f i libvcruntime:undname.obj
 0001:00013696       ?doAllocationLanguage@UnDecorator@@SAHXZ 10014696 f i libvcruntime:undname.obj
 0001:000136a4       ?doAllocationModel@UnDecorator@@SAHXZ 100146a4 f i libvcruntime:undname.obj
 0001:000136b2       ?doEcsu@UnDecorator@@SAHXZ 100146b2 f i libvcruntime:undname.obj
 0001:000136c0       ?doEllipsis@UnDecorator@@SAHXZ 100146c0 f i libvcruntime:undname.obj
 0001:000136ce       ?doFunctionReturns@UnDecorator@@SAHXZ 100146ce f i libvcruntime:undname.obj
 0001:000136dc       ?doMSKeywords@UnDecorator@@SAHXZ 100146dc f i libvcruntime:undname.obj
 0001:000136e9       ?doMemberTypes@UnDecorator@@SAHXZ 100146e9 f i libvcruntime:undname.obj
 0001:000136f7       ?doNameOnly@UnDecorator@@SAHXZ 100146f7 f i libvcruntime:undname.obj
 0001:00013702       ?doNoIdentCharCheck@UnDecorator@@SAHXZ 10014702 f i libvcruntime:undname.obj
 0001:0001370d       ?doPchar@DName@@AAEXD@Z    1001470d f   libvcruntime:undname.obj
 0001:00013748       ?doPtr64@UnDecorator@@SAHXZ 10014748 f i libvcruntime:undname.obj
 0001:00013756       ?doRestrictionSpec@UnDecorator@@SAHXZ 10014756 f i libvcruntime:undname.obj
 0001:00013764       ?doThisTypes@UnDecorator@@SAHXZ 10014764 f i libvcruntime:undname.obj
 0001:00013776       ?doThrowTypes@UnDecorator@@SAHXZ 10014776 f i libvcruntime:undname.obj
 0001:00013784       ?doTypeOnly@UnDecorator@@SAHXZ 10014784 f i libvcruntime:undname.obj
 0001:0001378f       ?doUnderScore@UnDecorator@@SAHXZ 1001478f f i libvcruntime:undname.obj
 0001:0001379a       ?getArgumentList@UnDecorator@@CA?AVDName@@XZ 1001479a f   libvcruntime:undname.obj
 0001:00013890       ?getArgumentTypes@UnDecorator@@CA?AVDName@@XZ 10014890 f   libvcruntime:undname.obj
 0001:000139a9       ?getArrayType@UnDecorator@@CA?AVDName@@ABV2@@Z 100149a9 f i libvcruntime:undname.obj
 0001:00013b63       ?getBasedType@UnDecorator@@CA?AVDName@@XZ 10014b63 f   libvcruntime:undname.obj
 0001:00013c1e       ?getBasicDataType@UnDecorator@@CA?AVDName@@ABV2@@Z 10014c1e f   libvcruntime:undname.obj
 0001:000140e9       ?getCHPEName@UnDecorator@@QAEPADPADH@Z 100150e9 f i libvcruntime:undname.obj
 0001:000141c6       ?getCallIndex@UnDecorator@@CA?AVDName@@XZ 100151c6 f i libvcruntime:undname.obj
 0001:000141da       ?getCallingConvention@UnDecorator@@CA?AVDName@@XZ 100151da f   libvcruntime:undname.obj
 0001:000142b7       ?getDataIndirectType@UnDecorator@@CA?AVDName@@ABV2@W4IndirectionKind@@0H@Z 100152b7 f   libvcruntime:undname.obj
 0001:00014935       ?getDataIndirectType@UnDecorator@@CA?AVDName@@XZ 10015935 f i libvcruntime:undname.obj
 0001:00014963       ?getDataType@UnDecorator@@CA?AVDName@@PAV2@@Z 10015963 f   libvcruntime:undname.obj
 0001:00014a3a       ?getDecoratedName@UnDecorator@@CA?AVDName@@XZ 10015a3a f   libvcruntime:undname.obj
 0001:00014ca4       ?getDimension@UnDecorator@@CA?AVDName@@_N@Z 10015ca4 f   libvcruntime:undname.obj
 0001:00014de4       ?getDispatchTarget@UnDecorator@@CA?AVDName@@XZ 10015de4 f   libvcruntime:undname.obj
 0001:00014e38       ?getDisplacement@UnDecorator@@CA?AVDName@@XZ 10015e38 f i libvcruntime:undname.obj
 0001:00014e4c       ?getECSUDataType@UnDecorator@@CA?AVDName@@XZ 10015e4c f   libvcruntime:undname.obj
 0001:00014fd4       ?getECSUName@UnDecorator@@CA?AVDName@@XZ 10015fd4 f i libvcruntime:undname.obj
 0001:00014fe5       ?getEnumType@UnDecorator@@CA?AVDName@@XZ 10015fe5 f i libvcruntime:undname.obj
 0001:00015105       ?getExtendedDataIndirectType@UnDecorator@@CA?AVDName@@AAW4IndirectionKind@@AA_NH@Z 10016105 f   libvcruntime:undname.obj
 0001:000152a3       ?getExternalDataType@UnDecorator@@CA?AVDName@@ABV2@@Z 100162a3 f i libvcruntime:undname.obj
 0001:00015308       ?getFunctionIndirectType@UnDecorator@@CA?AVDName@@ABV2@@Z 10016308 f   libvcruntime:undname.obj
 0001:000156bb       ?getGuardNumber@UnDecorator@@CA?AVDName@@XZ 100166bb f i libvcruntime:undname.obj
 0001:000156cf       ?getLastChar@DName@@QBEDXZ 100166cf f i libvcruntime:undname.obj
 0001:000156ef       ?getLastChar@DNameStatusNode@@UBEDXZ 100166ef f i libvcruntime:undname.obj
 0001:000156fb       ?getLastChar@charNode@@UBEDXZ 100166fb f i libvcruntime:undname.obj
 0001:000156ff       ?getLastChar@pDNameNode@@UBEDXZ 100166ff f i libvcruntime:undname.obj
 0001:0001570d       ?getLastChar@pairNode@@UBEDXZ 1001670d f i libvcruntime:undname.obj
 0001:00015742       ?getLastChar@pcharNode@@UBEDXZ 10016742 f i libvcruntime:undname.obj
 0001:00015754       ?getLexicalFrame@UnDecorator@@CA?AVDName@@XZ 10016754 f i libvcruntime:undname.obj
 0001:00015785       ?getMemoryWithBuffer@_HeapManager@@QAEPAXI@Z 10016785 f   libvcruntime:undname.obj
 0001:000157f7       ?getMemoryWithoutBuffer@_HeapManager@@QAEPAXI@Z 100167f7 f   libvcruntime:undname.obj
 0001:00015817       ?getNoexcept@UnDecorator@@CA?AVDName@@XZ 10016817 f   libvcruntime:undname.obj
 0001:0001586b       ?getNumberOfDimensions@UnDecorator@@CAHXZ 1001686b f   libvcruntime:undname.obj
 0001:000158cc       ?getOperatorName@UnDecorator@@CA?AVDName@@_NPA_N@Z 100168cc f i libvcruntime:undname.obj
 0001:00015f35       ?getPointerType@UnDecorator@@CA?AVDName@@ABV2@0@Z 10016f35 f i libvcruntime:undname.obj
 0001:00015f50       ?getPointerTypeArray@UnDecorator@@CA?AVDName@@ABV2@0@Z 10016f50 f i libvcruntime:undname.obj
 0001:00015f6b       ?getPrimaryDataType@UnDecorator@@CA?AVDName@@ABV2@@Z 10016f6b f   libvcruntime:undname.obj
 0001:0001618a       ?getPtrRefDataType@UnDecorator@@CA?AVDName@@ABV2@H@Z 1001718a f   libvcruntime:undname.obj
 0001:000162f7       ?getPtrRefType@UnDecorator@@CA?AVDName@@ABV2@0W4IndirectionKind@@@Z 100172f7 f   libvcruntime:undname.obj
 0001:00016408       ?getReferenceType@UnDecorator@@CA?AVDName@@ABV2@0W4IndirectionKind@@@Z 10017408 f i libvcruntime:undname.obj
 0001:00016424       ?getRestrictionSpec@UnDecorator@@CA?AVDName@@XZ 10017424 f   libvcruntime:undname.obj
 0001:0001654d       ?getReturnType@UnDecorator@@CA?AVDName@@PAV2@@Z 1001754d f   libvcruntime:undname.obj
 0001:0001657c       ?getScope@UnDecorator@@CA?AVDName@@XZ 1001757c f   libvcruntime:undname.obj
 0001:0001692e       ?getScopedName@UnDecorator@@CA?AVDName@@XZ 1001792e f   libvcruntime:undname.obj
 0001:00016a19       ?getSignedDimension@UnDecorator@@CA?AVDName@@XZ 10017a19 f   libvcruntime:undname.obj
 0001:00016a6a       ?getStorageConvention@UnDecorator@@CA?AVDName@@XZ 10017a6a f i libvcruntime:undname.obj
 0001:00016a7b       ?getString@DName@@QBEPADPAD0@Z 10017a7b f i libvcruntime:undname.obj
 0001:00016aa8       ?getString@DName@@QBEPADPADH@Z 10017aa8 f i libvcruntime:undname.obj
 0001:00016afd       ?getString@DNameStatusNode@@UBEPADPAD0@Z 10017afd f i libvcruntime:undname.obj
 0001:00016b36       ?getString@charNode@@UBEPADPAD0@Z 10017b36 f i libvcruntime:undname.obj
 0001:00016b4b       ?getString@pDNameNode@@UBEPADPAD0@Z 10017b4b f i libvcruntime:undname.obj
 0001:00016b62       ?getString@pairNode@@UBEPADPAD0@Z 10017b62 f i libvcruntime:undname.obj
 0001:00016ba8       ?getString@pcharNode@@UBEPADPAD0@Z 10017ba8 f i libvcruntime:undname.obj
 0001:00016bc3       ?getStringEncoding@UnDecorator@@CA?AVDName@@W4PrefixKind@@H@Z 10017bc3 f   libvcruntime:undname.obj
 0001:00016c7b       ?getStringHelper@@YAPADPADPBD1H@Z 10017c7b f i libvcruntime:undname.obj
 0001:00016ca5       ?getSymbolName@UnDecorator@@CA?AVDName@@XZ 10017ca5 f i libvcruntime:undname.obj
 0001:00016ced       ?getTemplateArgumentList@UnDecorator@@CA?AVDName@@XZ 10017ced f   libvcruntime:undname.obj
 0001:00016e77       ?getTemplateName@UnDecorator@@CA?AVDName@@_N@Z 10017e77 f   libvcruntime:undname.obj
 0001:00016fbd       ?getTemplateNonTypeArgument@UnDecorator@@CA?AVDName@@XZ 10017fbd f   libvcruntime:undname.obj
 0001:00017372       ?getTemplateTypeArgument@UnDecorator@@CA?AVDName@@XZ 10018372 f   libvcruntime:undname.obj
 0001:00017478       ?getThisType@UnDecorator@@CA?AVDName@@XZ 10018478 f i libvcruntime:undname.obj
 0001:000174a7       ?getThrowTypes@UnDecorator@@CA?AVDName@@XZ 100184a7 f   libvcruntime:undname.obj
 0001:000174ca       ?getTypeEncoding@UnDecorator@@CAHXZ 100184ca f i libvcruntime:undname.obj
 0001:000177fa       ?getUndecoratedName@UnDecorator@@QAEPADPADH@Z 100187fa f i libvcruntime:undname.obj
 0001:000178c6       ?getVCallThunkType@UnDecorator@@CA?AVDName@@XZ 100188c6 f i libvcruntime:undname.obj
 0001:0001791c       ?getVbTableType@UnDecorator@@CA?AVDName@@ABV2@@Z 1001891c f i libvcruntime:undname.obj
 0001:00017931       ?getVdispMapType@UnDecorator@@CA?AVDName@@ABV2@@Z 10018931 f i libvcruntime:undname.obj
 0001:00017992       ?getVfTableType@UnDecorator@@CA?AVDName@@ABV2@@Z 10018992 f i libvcruntime:undname.obj
 0001:00017b06       ?getZName@UnDecorator@@CA?AVDName@@_N0@Z 10018b06 f   libvcruntime:undname.obj
 0001:00017d09       ?haveTemplateParameters@UnDecorator@@SAHXZ 10018d09 f i libvcruntime:undname.obj
 0001:00017d14       ?isArray@DName@@QBEHXZ     10018d14 f i libvcruntime:undname.obj
 0001:00017d1e       ?isComArray@DName@@QBEHXZ  10018d1e f i libvcruntime:undname.obj
 0001:00017d28       ?isEmpty@DName@@QBEHXZ     10018d28 f i libvcruntime:undname.obj
 0001:00017d30       ?isFull@Replicator@@QBEHXZ 10018d30 f i libvcruntime:undname.obj
 0001:00017d39       ?isNoTE@DName@@QBEHXZ      10018d39 f i libvcruntime:undname.obj
 0001:00017d43       ?isPinPtr@DName@@QBEHXZ    10018d43 f i libvcruntime:undname.obj
 0001:00017d4d       ?isPtrRef@DName@@QBEHXZ    10018d4d f i libvcruntime:undname.obj
 0001:00017d57       ?isUDC@DName@@QBEHXZ       10018d57 f i libvcruntime:undname.obj
 0001:00017d68       ?isUDTThunk@DName@@QBEHXZ  10018d68 f i libvcruntime:undname.obj
 0001:00017d79       ?isVCallThunk@DName@@QBEHXZ 10018d79 f i libvcruntime:undname.obj
 0001:00017d83       ?isValid@DName@@QBEHXZ     10018d83 f i libvcruntime:undname.obj
 0001:00017d8d       ?length@DName@@QBEHXZ      10018d8d f i libvcruntime:undname.obj
 0001:00017dac       ?length@DNameStatusNode@@UBEHXZ 10018dac f i libvcruntime:undname.obj
 0001:00017db0       ?length@charNode@@UBEHXZ   10018db0 f i libvcruntime:undname.obj
 0001:00017db4       ?length@pDNameNode@@UBEHXZ 10018db4 f i libvcruntime:undname.obj
 0001:00017dc2       ?length@pairNode@@UBEHXZ   10018dc2 f i libvcruntime:undname.obj
 0001:00017e08       ?length@pcharNode@@UBEHXZ  10018e08 f i libvcruntime:undname.obj
 0001:00017e0c       ?make@DNameStatusNode@@SAPBV1@W4DNameStatus@@@Z 10018e0c f i libvcruntime:undname.obj
 0001:00017e28       ?parseDecoratedName@UnDecorator@@CA?AVDName@@XZ 10018e28 f   libvcruntime:undname.obj
 0001:00017f22       ?raw_length@DNameStatusNode@@UBEHXZ 10018f22 f i libvcruntime:undname.obj
 0001:00017f26       ?raw_length@charNode@@UBEHXZ 10018f26 f i libvcruntime:undname.obj
 0001:00017f2a       ?raw_length@pDNameNode@@UBEHXZ 10018f2a f i libvcruntime:undname.obj
 0001:00017f2e       ?raw_length@pairNode@@UBEHXZ 10018f2e f i libvcruntime:undname.obj
 0001:00017f32       ?raw_length@pcharNode@@UBEHXZ 10018f32 f i libvcruntime:undname.obj
 0001:00017f36       ?setIsArray@DName@@QAEXXZ  10018f36 f i libvcruntime:undname.obj
 0001:00017f3e       ?setIsComArray@DName@@QAEXXZ 10018f3e f i libvcruntime:undname.obj
 0001:00017f46       ?setIsNoTE@DName@@QAEXXZ   10018f46 f i libvcruntime:undname.obj
 0001:00017f4e       ?setIsPinPtr@DName@@QAEXXZ 10018f4e f i libvcruntime:undname.obj
 0001:00017f56       ?setIsUDC@DName@@QAEXXZ    10018f56 f i libvcruntime:undname.obj
 0001:00017f63       ?setIsVCallThunk@DName@@QAEXXZ 10018f63 f i libvcruntime:undname.obj
 0001:00017f6b       ?setPtrRef@DName@@QAEAAV1@XZ 10018f6b f i libvcruntime:undname.obj
 0001:00017f75       ?status@DName@@QBE?AW4DNameStatus@@XZ 10018f75 f i libvcruntime:undname.obj
 0001:00017fe1       ___unDName                 10018fe1 f   libvcruntime:undname.obj
 0001:00018004       ___unDNameEx               10019004 f   libvcruntime:undname.obj
 0001:000180a3       __vsprintf_s_l             100190a3 f i libvcruntime:undname.obj
 0001:000180d0       _sprintf_s                 100190d0 f i libvcruntime:undname.obj
 0001:000180ec       _unDNameGenerateCHPE       100190ec f   libvcruntime:undname.obj
 0001:00018148       ??$?RU__vcrt_ptd@@@__crt_internal_free_policy@@QBEXQBU__vcrt_ptd@@@Z 10019148 f i libvcruntime:per_thread_data.obj
 0001:00018158       ??0?$__crt_unique_heap_ptr@U__vcrt_ptd@@U__crt_internal_free_policy@@@@QAE@QAU__vcrt_ptd@@@Z 10019158 f i libvcruntime:per_thread_data.obj
 0001:00018175       ??1?$__crt_unique_heap_ptr@U__vcrt_ptd@@U__crt_internal_free_policy@@@@QAE@XZ 10019175 f i libvcruntime:per_thread_data.obj
 0001:0001818e       ??B?$__crt_unique_heap_ptr@U__vcrt_ptd@@U__crt_internal_free_policy@@@@QBE_NXZ 1001918e f i libvcruntime:per_thread_data.obj
 0001:00018195       ?detach@?$__crt_unique_heap_ptr@U__vcrt_ptd@@U__crt_internal_free_policy@@@@QAEPAU__vcrt_ptd@@XZ 10019195 f i libvcruntime:per_thread_data.obj
 0001:0001819b       ?get@?$__crt_unique_heap_ptr@U__vcrt_ptd@@U__crt_internal_free_policy@@@@QBEPAU__vcrt_ptd@@XZ 1001919b f i libvcruntime:per_thread_data.obj
 0001:0001819e       ?is_valid@?$__crt_unique_heap_ptr@U__vcrt_ptd@@U__crt_internal_free_policy@@@@QBE_NXZ 1001919e f i libvcruntime:per_thread_data.obj
 0001:000181a5       ?release@?$__crt_unique_heap_ptr@U__vcrt_ptd@@U__crt_internal_free_policy@@@@QAEXXZ 100191a5 f i libvcruntime:per_thread_data.obj
 0001:000181cf       ___vcrt_freefls@4          100191cf f   libvcruntime:per_thread_data.obj
 0001:000181eb       ___vcrt_freeptd            100191eb f   libvcruntime:per_thread_data.obj
 0001:00018221       ___vcrt_getptd             10019221 f   libvcruntime:per_thread_data.obj
 0001:0001822f       ___vcrt_getptd_noexit      1001922f f   libvcruntime:per_thread_data.obj
 0001:000182c1       ___vcrt_getptd_noinit      100192c1 f   libvcruntime:per_thread_data.obj
 0001:000182f8       ___vcrt_initialize_ptd     100192f8 f   libvcruntime:per_thread_data.obj
 0001:0001832b       ___vcrt_uninitialize_ptd   1001932b f   libvcruntime:per_thread_data.obj
 0001:00018346       ___vcrt_initialize_locks   10019346 f   libvcruntime:locks.obj
 0001:00018382       ___vcrt_lock               10019382 f   libvcruntime:locks.obj
 0001:00018397       ___vcrt_uninitialize_locks 10019397 f   libvcruntime:locks.obj
 0001:000183c6       ___vcrt_unlock             100193c6 f   libvcruntime:locks.obj
 0001:000183e0       __global_unwind2           100193e0 f   libvcruntime:exsup.obj
 0001:00018446       __local_unwind2            10019446 f   libvcruntime:exsup.obj
 0001:000184ca       __abnormal_termination     100194ca f   libvcruntime:exsup.obj
 0001:000184f0       __NLG_Notify1              100194f0 f   libvcruntime:exsup.obj
 0001:000184fc       __NLG_Notify               100194fc f   libvcruntime:exsup.obj
 0001:00018513       __NLG_Dispatch2            10019513     libvcruntime:exsup.obj
 0001:00018513       __NLG_Dispatch             10019513     libvcruntime:exsup.obj
 0001:0001851b       __NLG_Call                 1001951b f   libvcruntime:exsup.obj
 0001:0001851d       __NLG_Return2              1001951d     libvcruntime:exsup.obj
 0001:0001851e       ??$__crt_interlocked_exchange_pointer@$$A6AXXZP6AXXZ@@YAP6AXXZPDS6AXXZQ6AXXZ@Z 1001951e f i libvcruntime:purevirt.obj
 0001:0001852b       ??$__crt_interlocked_read_pointer@$$A6AXXZ@@YAP6AXXZPDS6AXXZ@Z 1001952b f i libvcruntime:purevirt.obj
 0001:00018535       __get_purecall_handler     10019535 f   libvcruntime:purevirt.obj
 0001:0001853b       __purecall                 1001953b f   libvcruntime:purevirt.obj
 0001:00018557       __set_purecall_handler     10019557 f   libvcruntime:purevirt.obj
 0001:00018566       ??$?0AAViterator@TryBlockMap@__FrameHandler3@@AAV012@$0A@@?$pair@Viterator@TryBlockMap@__FrameHandler3@@V123@@std@@QAE@AAViterator@TryBlockMap@__FrameHandler3@@0@Z 10019566 f i libvcruntime:trnsctrl.obj
 0001:0001858a       ??$forward@AAViterator@TryBlockMap@__FrameHandler3@@@std@@YAAAViterator@TryBlockMap@__FrameHandler3@@AAV123@@Z 1001958a f i libvcruntime:trnsctrl.obj
 0001:00018592       ??0iterator@TryBlockMap@__FrameHandler3@@QAE@AAV12@I@Z 10019592 f i libvcruntime:trnsctrl.obj
 0001:000185a6       ?GetRangeOfTrysToCheck@__FrameHandler3@@SA?AU?$pair@Viterator@TryBlockMap@__FrameHandler3@@V123@@std@@AAVTryBlockMap@1@HPAXPBU_s_FuncInfo@@H@Z 100195a6 f   libvcruntime:trnsctrl.obj
 0001:00018616       ?_CallCatchBlock2@@YAPAXPAUEHRegistrationNode@@PBU_s_FuncInfo@@PAXHK@Z 10019616 f   libvcruntime:trnsctrl.obj
 0001:00018674       ?_CallSETranslator@@YAHPAUEHExceptionRecord@@PAUEHRegistrationNode@@PAX2PBU_s_FuncInfo@@H1@Z 10019674 f   libvcruntime:trnsctrl.obj
 0001:0001875a       ?_JumpToContinuation@@YGXPAXPAUEHRegistrationNode@@@Z 1001975a f   libvcruntime:trnsctrl.obj
 0001:0001878a       ?_UnwindNestedFrames@@YGXPAUEHRegistrationNode@@PAUEHExceptionRecord@@@Z 1001978a f   libvcruntime:trnsctrl.obj
 0001:000187dd       __CatchGuardHandler        100197dd f   libvcruntime:trnsctrl.obj
 0001:0001880e       __CreateFrameInfo          1001980e f   libvcruntime:trnsctrl.obj
 0001:00018832       __FindAndUnlinkFrame       10019832 f   libvcruntime:trnsctrl.obj
 0001:0001887a       __TranslatorGuardHandler   1001987a f   libvcruntime:trnsctrl.obj
 0001:00018917       ___CxxFrameHandler         10019917 f   libvcruntime:trnsctrl.obj
 0001:0001894d       ___CxxFrameHandler2        1001994d f   libvcruntime:trnsctrl.obj
 0001:00018983       ___CxxFrameHandler3        10019983 f   libvcruntime:trnsctrl.obj
 0001:000189b9       ___CxxLongjmpUnwind@4      100199b9 f   libvcruntime:trnsctrl.obj
 0001:000189e0       _memcpy                    100199e0 f   libvcruntime:memcpy.obj
 0001:00018f54       ??$__crt_interlocked_exchange_pointer@UHINSTANCE__@@PAU1@@@YAPAUHINSTANCE__@@PDSAU0@QAU0@@Z 10019f54 f i libvcruntime:winapi_downlevel.obj
 0001:00018f61       ??$__crt_interlocked_exchange_pointer@UHINSTANCE__@@PAX@@YAPAUHINSTANCE__@@PDSAU0@QAX@Z 10019f61 f i libvcruntime:winapi_downlevel.obj
 0001:00018f6e       ??$__crt_interlocked_exchange_pointer@XPAX@@YAPAXPDSAXQAX@Z 10019f6e f i libvcruntime:winapi_downlevel.obj
 0001:00018f7b       ??$__crt_interlocked_read_pointer@UHINSTANCE__@@@@YAPAUHINSTANCE__@@PDSAU0@@Z 10019f7b f i libvcruntime:winapi_downlevel.obj
 0001:00018f85       ??$__crt_interlocked_read_pointer@X@@YAPAXPDSAX@Z 10019f85 f i libvcruntime:winapi_downlevel.obj
 0001:000191c6       ___vcrt_FlsAlloc           1001a1c6 f   libvcruntime:winapi_downlevel.obj
 0001:00019201       ___vcrt_FlsFree            1001a201 f   libvcruntime:winapi_downlevel.obj
 0001:0001923c       ___vcrt_FlsGetValue        1001a23c f   libvcruntime:winapi_downlevel.obj
 0001:00019277       ___vcrt_FlsSetValue        1001a277 f   libvcruntime:winapi_downlevel.obj
 0001:000192b5       ___vcrt_InitializeCriticalSectionEx 1001a2b5 f   libvcruntime:winapi_downlevel.obj
 0001:00019a3f       ??$TypeMatchHelper@V__FrameHandler3@@@@YAHPBU_s_HandlerType@@PBU_s_CatchableType@@PBU_s_ThrowInfo@@@Z 1001aa3f f i libvcruntime:frame.obj
 0001:00019acd       ??$__InternalCxxFrameHandler@V__FrameHandler3@@@@YA?AW4_EXCEPTION_DISPOSITION@@PAUEHExceptionRecord@@PAUEHRegistrationNode@@PAU_CONTEXT@@PAXPBU_s_FuncInfo@@H1E@Z 1001aacd f i libvcruntime:frame.obj
 0001:00019bcf       ??0HandlerMap@__FrameHandler3@@QAE@PBU_s_TryBlockMapEntry@@II@Z 1001abcf f i libvcruntime:frame.obj
 0001:00019be6       ??0TryBlockMap@__FrameHandler3@@QAE@PBU_s_FuncInfo@@I@Z 1001abe6 f i libvcruntime:frame.obj
 0001:00019bfa       ??0bad_exception@std@@QAE@ABV01@@Z 1001abfa f i libvcruntime:frame.obj
 0001:00019c15       ??0bad_exception@std@@QAE@XZ 1001ac15 f i libvcruntime:frame.obj
 0001:00019c2d       ??0exception@std@@QAE@ABV01@@Z 1001ac2d f i libvcruntime:frame.obj
 0001:00019c59       ??0exception@std@@QAE@QBDH@Z 1001ac59 f i libvcruntime:frame.obj
 0001:00019c76       ??0iterator@HandlerMap@__FrameHandler3@@QAE@AAV12@I@Z 1001ac76 f i libvcruntime:frame.obj
 0001:00019c8a       ??1bad_exception@std@@UAE@XZ 1001ac8a f i libvcruntime:frame.obj
 0001:00019c9b       ??1exception@std@@UAE@XZ   1001ac9b f i libvcruntime:frame.obj
 0001:00019cac       ??8iterator@HandlerMap@__FrameHandler3@@QBE_NABV012@@Z 1001acac f i libvcruntime:frame.obj
 0001:00019cbf       ??8type_info@@QBE_NABV0@@Z 1001acbf f i libvcruntime:frame.obj
 0001:00019cde       ??9iterator@HandlerMap@__FrameHandler3@@QBE_NABV012@@Z 1001acde f i libvcruntime:frame.obj
 0001:00019cf1       ??Diterator@HandlerMap@__FrameHandler3@@QAE?BU_s_HandlerType@@XZ 1001acf1 f i libvcruntime:frame.obj
 0001:00019d10       ??Diterator@TryBlockMap@__FrameHandler3@@QAE?BU_s_TryBlockMapEntry@@XZ 1001ad10 f i libvcruntime:frame.obj
 0001:00019d32       ??Eiterator@HandlerMap@__FrameHandler3@@QAEAAV012@XZ 1001ad32 f i libvcruntime:frame.obj
 0001:00019d38       ??Eiterator@TryBlockMap@__FrameHandler3@@QAEAAV012@XZ 1001ad38 f i libvcruntime:frame.obj
 0001:00019d3e       ??Miterator@TryBlockMap@__FrameHandler3@@QBE_NABV012@@Z 1001ad3e f i libvcruntime:frame.obj
 0001:00019d51       ??_Gbad_exception@std@@UAEPAXI@Z 1001ad51 f i libvcruntime:frame.obj
 0001:00019d51       ??_Ebad_exception@std@@UAEPAXI@Z 1001ad51 f i libvcruntime:frame.obj
 0001:00019d7e       ??_Eexception@std@@UAEPAXI@Z 1001ad7e f i libvcruntime:frame.obj
 0001:00019d7e       ??_Gexception@std@@UAEPAXI@Z 1001ad7e f i libvcruntime:frame.obj
 0001:00019dab       ?BuildCatchObject@__FrameHandler3@@SAXPAUEHExceptionRecord@@PAXPBU_s_HandlerType@@PBU_s_CatchableType@@@Z 1001adab f   libvcruntime:frame.obj
 0001:00019db0       ?BuildCatchObjectHelper@__FrameHandler3@@SAHPAUEHExceptionRecord@@PAXPBU_s_HandlerType@@PBU_s_CatchableType@@@Z 1001adb0 f   libvcruntime:frame.obj
 0001:0001a001       ?FrameUnwindToEmptyState@__FrameHandler3@@SAXPAUEHRegistrationNode@@PAXPBU_s_FuncInfo@@@Z 1001b001 f   libvcruntime:frame.obj
 0001:0001a019       ?FrameUnwindToState@__FrameHandler3@@SAXPAUEHRegistrationNode@@PAXPBU_s_FuncInfo@@H@Z 1001b019 f   libvcruntime:frame.obj
 0001:0001a101       ?GetMaxState@__FrameHandler3@@SAHPAXPBU_s_FuncInfo@@@Z 1001b101 f i libvcruntime:frame.obj
 0001:0001a1df       ?TypeMatch@__FrameHandler3@@SAHPBU_s_HandlerType@@PBU_s_CatchableType@@PBU_s_ThrowInfo@@@Z 1001b1df f   libvcruntime:frame.obj
 0001:0001a1e8       ?_CallMemberFunction1@@YGXQAX00@Z 1001b1e8 f i libvcruntime:frame.obj
 0001:0001a1f8       ?_CallMemberFunction2@@YGXQAX00H@Z 1001b1f8 f i libvcruntime:frame.obj
 0001:0001a20b       ?begin@HandlerMap@__FrameHandler3@@QAE?AViterator@12@XZ 1001b20b f i libvcruntime:frame.obj
 0001:0001a21b       ?end@HandlerMap@__FrameHandler3@@QAE?AViterator@12@XZ 1001b21b f i libvcruntime:frame.obj
 0001:0001a22c       ?getESTypes@__FrameHandler3@@SAPBU_s_ESTypeList@@PBU_s_FuncInfo@@@Z 1001b22c f i libvcruntime:frame.obj
 0001:0001a237       ?getLastEntry@HandlerMap@__FrameHandler3@@QAEPBU_s_HandlerType@@XZ 1001b237 f i libvcruntime:frame.obj
 0001:0001a245       ?getMagicNum@__FrameHandler3@@SAIPBU_s_FuncInfo@@@Z 1001b245 f i libvcruntime:frame.obj
 0001:0001a254       ?getNumTryBlocks@TryBlockMap@__FrameHandler3@@QAEIXZ 1001b254 f i libvcruntime:frame.obj
 0001:0001a25a       ?isEHs@__FrameHandler3@@SA_NPBU_s_FuncInfo@@@Z 1001b25a f i libvcruntime:frame.obj
 0001:0001a267       ?isNoExcept@__FrameHandler3@@SA_NPBU_s_FuncInfo@@@Z 1001b267 f i libvcruntime:frame.obj
 0001:0001a277       ?what@exception@std@@UBEPBDXZ 1001b277 f i libvcruntime:frame.obj
 0001:0001a284       ___BuildCatchObject        1001b284 f   libvcruntime:frame.obj
 0001:0001a289       ___BuildCatchObjectHelper  1001b289 f   libvcruntime:frame.obj
 0001:0001a292       ___TypeMatch               1001b292 f   libvcruntime:frame.obj
 0001:0001a29b       ___vcrt_EncodePointer      1001b29b f i libvcruntime:frame.obj
 0001:0001a2b0       __CallSettingFrame@12      1001b2b0 f   libvcruntime:lowhelpr.obj
 0001:0001a2d7       __NLG_Return               1001b2d7     libvcruntime:lowhelpr.obj
 0001:0001a310       __get_unexpected           1001b310 f   libvcruntime:unexpected.obj
 0001:0001a322       _set_unexpected            1001b322 f   libvcruntime:unexpected.obj
 0001:0001a340       _unexpected                1001b340 f   libvcruntime:unexpected.obj
 0001:0001a35d       ?GetCurrentState@__FrameHandler3@@SAHPAUEHRegistrationNode@@PAXPBU_s_FuncInfo@@@Z 1001b35d f   libvcruntime:ehstate.obj
 0001:0001a37a       ?SetState@__FrameHandler3@@SAXPAUEHRegistrationNode@@PBU_s_FuncInfo@@H@Z 1001b37a f   libvcruntime:ehstate.obj
 0001:0001a388       ??$?RD@__crt_public_free_policy@@QBEXQBD@Z 1001b388 f i libvcruntime:std_exception.obj
 0001:0001a398       ??0?$__crt_unique_heap_ptr@DU__crt_public_free_policy@@@@QAE@QAD@Z 1001b398 f i libvcruntime:std_exception.obj
 0001:0001a3a6       ??1?$__crt_unique_heap_ptr@DU__crt_public_free_policy@@@@QAE@XZ 1001b3a6 f i libvcruntime:std_exception.obj
 0001:0001a3b6       ??B?$__crt_unique_heap_ptr@DU__crt_public_free_policy@@@@QBE_NXZ 1001b3b6 f i libvcruntime:std_exception.obj
 0001:0001a3bd       ?detach@?$__crt_unique_heap_ptr@DU__crt_public_free_policy@@@@QAEPADXZ 1001b3bd f i libvcruntime:std_exception.obj
 0001:0001a3c3       ?get@?$__crt_unique_heap_ptr@DU__crt_public_free_policy@@@@QBEPADXZ 1001b3c3 f i libvcruntime:std_exception.obj
 0001:0001a3c6       ?is_valid@?$__crt_unique_heap_ptr@DU__crt_public_free_policy@@@@QBE_NXZ 1001b3c6 f i libvcruntime:std_exception.obj
 0001:0001a3cd       ?release@?$__crt_unique_heap_ptr@DU__crt_public_free_policy@@@@QAEXXZ 1001b3cd f i libvcruntime:std_exception.obj
 0001:0001a3dd       ___std_exception_copy      1001b3dd f   libvcruntime:std_exception.obj
 0001:0001a440       ___std_exception_destroy   1001b440 f   libvcruntime:std_exception.obj
 0001:0001a45f       __CxxThrowException@8      1001b45f f   libvcruntime:throw.obj
 0001:0001a4d0       _memmove                   1001b4d0 f   libvcruntime:memmove.obj
 0001:0001add4       __lseek                    1001bdd4 f   libucrt:lseek.obj
 0001:0001addf       __lseek_nolock             1001bddf f   libucrt:lseek.obj
 0001:0001adea       __lseeki64                 1001bdea f   libucrt:lseek.obj
 0001:0001ae05       __lseeki64_nolock          1001be05 f   libucrt:lseek.obj
 0001:0001aed2       ??$__acrt_mbs_to_wcs_cp@U__crt_win32_buffer_internal_dynamic_resizing@@@@YAHQBDAAV?$__crt_win32_buffer@_WU__crt_win32_buffer_internal_dynamic_resizing@@@@I@Z 1001bed2 f i libucrt:open.obj
 0001:0001b1d9       ??$tsopen_nolock@PAHABQAHABQBDABHABHABHABH@?$__crt_char_traits@D@@SAH$$QAPAHABQAHABQBDABH333@Z 1001c1d9 f i libucrt:open.obj
 0001:0001b20b       ??$tsopen_nolock@PAHABQAHABQB_WABHABHABHABH@?$__crt_char_traits@_W@@SAH$$QAPAHABQAHABQB_WABH333@Z 1001c20b f i libucrt:open.obj
 0001:0001b23d       ??$tsopen_nolock@PAHPAHABQBDABHHABHH@?$__crt_char_traits@D@@SAH$$QAPAH0ABQBDABH$$QAH23@Z 1001c23d f i libucrt:open.obj
 0001:0001b26f       ??$tsopen_nolock@PAHPAHABQB_WABHHABHH@?$__crt_char_traits@_W@@SAH$$QAPAH0ABQB_WABH$$QAH23@Z 1001c26f f i libucrt:open.obj
 0001:0001b2a1       ??0?$__crt_win32_buffer@_WU__crt_win32_buffer_internal_dynamic_resizing@@@@QAE@XZ 1001c2a1 f i libucrt:open.obj
 0001:0001b2b7       ??0_LocaleUpdate@@QAE@QAU__crt_locale_pointers@@@Z 1001c2b7 f i libucrt:open.obj
 0001:0001b33a       ??1?$__crt_win32_buffer@_WU__crt_win32_buffer_internal_dynamic_resizing@@@@QAE@XZ 1001c33a f i libucrt:open.obj
 0001:0001b33f       ??1_LocaleUpdate@@QAE@XZ   1001c33f f i libucrt:open.obj
 0001:0001b370       ?GetLocaleT@_LocaleUpdate@@QAEPAU__crt_locale_pointers@@XZ 1001c370 f i libucrt:open.obj
 0001:0001b374       ?__acrt_get_utf8_acp_compatibility_codepage@@YAIXZ 1001c374 f i libucrt:open.obj
 0001:0001b3b3       ?_deallocate@?$__crt_win32_buffer@_WU__crt_win32_buffer_internal_dynamic_resizing@@@@AAEXXZ 1001c3b3 f i libucrt:open.obj
 0001:0001b3cd       ?allocate@?$__crt_win32_buffer@_WU__crt_win32_buffer_internal_dynamic_resizing@@@@QAEHI@Z 1001c3cd f i libucrt:open.obj
 0001:0001b40c       ?allocate@__crt_win32_buffer_internal_dynamic_resizing@@SAHQAPAXIABV__crt_win32_buffer_empty_debug_info@@@Z 1001c40c f i libucrt:open.obj
 0001:0001b42b       ?capacity@?$__crt_win32_buffer@_WU__crt_win32_buffer_internal_dynamic_resizing@@@@QBEIXZ 1001c42b f i libucrt:open.obj
 0001:0001b6a7       ?data@?$__crt_win32_buffer@_WU__crt_win32_buffer_internal_dynamic_resizing@@@@QAEPA_WXZ 1001c6a7 f i libucrt:open.obj
 0001:0001b6ab       ?deallocate@__crt_win32_buffer_internal_dynamic_resizing@@SAXQAXABV__crt_win32_buffer_empty_debug_info@@@Z 1001c6ab f i libucrt:open.obj
 0001:0001b6bb       ?debug_info@?$__crt_win32_buffer@_WU__crt_win32_buffer_internal_dynamic_resizing@@@@QBEABV__crt_win32_buffer_empty_debug_info@@XZ 1001c6bb f i libucrt:open.obj
 0001:0001b994       ?set_to_nullptr@?$__crt_win32_buffer@_WU__crt_win32_buffer_internal_dynamic_resizing@@@@QAEXXZ 1001c994 f i libucrt:open.obj
 0001:0001b9ab       ?size@?$__crt_win32_buffer@_WU__crt_win32_buffer_internal_dynamic_resizing@@@@QAEXI@Z 1001c9ab f i libucrt:open.obj
 0001:0001ba64       ___acrt_locale_changed     1001ca64 f i libucrt:open.obj
 0001:0001ba6f       __invoke_watson_if_error   1001ca6f f i libucrt:open.obj
 0001:0001ba91       __open                     1001ca91 f   libucrt:open.obj
 0001:0001baa9       __sopen                    1001caa9 f   libucrt:open.obj
 0001:0001badc       __sopen_dispatch           1001cadc f   libucrt:open.obj
 0001:0001bae7       __sopen_nolock             1001cae7 f   libucrt:open.obj
 0001:0001bb55       __sopen_s                  1001cb55 f   libucrt:open.obj
 0001:0001bb75       __wopen                    1001cb75 f   libucrt:open.obj
 0001:0001bb8d       __wsopen                   1001cb8d f   libucrt:open.obj
 0001:0001bbc0       __wsopen_dispatch          1001cbc0 f   libucrt:open.obj
 0001:0001bbcb       __wsopen_nolock            1001cbcb f   libucrt:open.obj
 0001:0001bef5       __wsopen_s                 1001cef5 f   libucrt:open.obj
 0001:0001c1f5       __wcstombs_l               1001d1f5 f   libucrt:wcstombs.obj
 0001:0001c200       __wcstombs_s_l             1001d200 f   libucrt:wcstombs.obj
 0001:0001c2cb       _wcstombs                  1001d2cb f   libucrt:wcstombs.obj
 0001:0001c2e5       _wcstombs_s                1001d2e5 f   libucrt:wcstombs.obj
 0001:0001c305       ??$?0ABV?$stream_output_adapter@D@__crt_stdio_output@@AB_KABQBDABQAU__crt_locale_pointers@@ABQAD@?$format_validation_base@DV?$stream_output_adapter@D@__crt_stdio_output@@@__crt_stdio_output@@IAE@ABV?$stream_output_adapter@D@1@AB_KABQBDABQAU__crt_locale_pointers@@ABQAD@Z 1001d305 f i libucrt:output.obj
 0001:0001c328       ??$?0ABV?$stream_output_adapter@D@__crt_stdio_output@@AB_KABQBDABQAU__crt_locale_pointers@@ABQAD@?$positional_parameter_base@DV?$stream_output_adapter@D@__crt_stdio_output@@@__crt_stdio_output@@IAE@ABV?$stream_output_adapter@D@1@AB_KABQBDABQAU__crt_locale_pointers@@ABQAD@Z 1001d328 f i libucrt:output.obj
 0001:0001c370       ??$?0ABV?$stream_output_adapter@D@__crt_stdio_output@@AB_KABQBDABQAU__crt_locale_pointers@@ABQAD@?$standard_base@DV?$stream_output_adapter@D@__crt_stdio_output@@@__crt_stdio_output@@IAE@ABV?$stream_output_adapter@D@1@AB_KABQBDABQAU__crt_locale_pointers@@ABQAD@Z 1001d370 f i libucrt:output.obj
 0001:0001c3a5       ??$?0ABV?$stream_output_adapter@_W@__crt_stdio_output@@AB_KABQB_WABQAU__crt_locale_pointers@@ABQAD@?$format_validation_base@_WV?$stream_output_adapter@_W@__crt_stdio_output@@@__crt_stdio_output@@IAE@ABV?$stream_output_adapter@_W@1@AB_KABQB_WABQAU__crt_locale_pointers@@ABQAD@Z 1001d3a5 f i libucrt:output.obj
 0001:0001c3c8       ??$?0ABV?$stream_output_adapter@_W@__crt_stdio_output@@AB_KABQB_WABQAU__crt_locale_pointers@@ABQAD@?$positional_parameter_base@_WV?$stream_output_adapter@_W@__crt_stdio_output@@@__crt_stdio_output@@IAE@ABV?$stream_output_adapter@_W@1@AB_KABQB_WABQAU__crt_locale_pointers@@ABQAD@Z 1001d3c8 f i libucrt:output.obj
 0001:0001c410       ??$?0ABV?$stream_output_adapter@_W@__crt_stdio_output@@AB_KABQB_WABQAU__crt_locale_pointers@@ABQAD@?$standard_base@_WV?$stream_output_adapter@_W@__crt_stdio_output@@@__crt_stdio_output@@IAE@ABV?$stream_output_adapter@_W@1@AB_KABQB_WABQAU__crt_locale_pointers@@ABQAD@Z 1001d410 f i libucrt:output.obj
 0001:0001c445       ??$?0ABV?$string_output_adapter@D@__crt_stdio_output@@AB_KABQBDABQAU__crt_locale_pointers@@ABQAD@?$format_validation_base@DV?$string_output_adapter@D@__crt_stdio_output@@@__crt_stdio_output@@IAE@ABV?$string_output_adapter@D@1@AB_KABQBDABQAU__crt_locale_pointers@@ABQAD@Z 1001d445 f i libucrt:output.obj
 0001:0001c468       ??$?0ABV?$string_output_adapter@D@__crt_stdio_output@@AB_KABQBDABQAU__crt_locale_pointers@@ABQAD@?$positional_parameter_base@DV?$string_output_adapter@D@__crt_stdio_output@@@__crt_stdio_output@@IAE@ABV?$string_output_adapter@D@1@AB_KABQBDABQAU__crt_locale_pointers@@ABQAD@Z 1001d468 f i libucrt:output.obj
 0001:0001c4b0       ??$?0ABV?$string_output_adapter@D@__crt_stdio_output@@AB_KABQBDABQAU__crt_locale_pointers@@ABQAD@?$standard_base@DV?$string_output_adapter@D@__crt_stdio_output@@@__crt_stdio_output@@IAE@ABV?$string_output_adapter@D@1@AB_KABQBDABQAU__crt_locale_pointers@@ABQAD@Z 1001d4b0 f i libucrt:output.obj
 0001:0001c4e5       ??$?0ABV?$string_output_adapter@_W@__crt_stdio_output@@AB_KABQB_WABQAU__crt_locale_pointers@@ABQAD@?$format_validation_base@_WV?$string_output_adapter@_W@__crt_stdio_output@@@__crt_stdio_output@@IAE@ABV?$string_output_adapter@_W@1@AB_KABQB_WABQAU__crt_locale_pointers@@ABQAD@Z 1001d4e5 f i libucrt:output.obj
 0001:0001c508       ??$?0ABV?$string_output_adapter@_W@__crt_stdio_output@@AB_KABQB_WABQAU__crt_locale_pointers@@ABQAD@?$positional_parameter_base@_WV?$string_output_adapter@_W@__crt_stdio_output@@@__crt_stdio_output@@IAE@ABV?$string_output_adapter@_W@1@AB_KABQB_WABQAU__crt_locale_pointers@@ABQAD@Z 1001d508 f i libucrt:output.obj
 0001:0001c550       ??$?0ABV?$string_output_adapter@_W@__crt_stdio_output@@AB_KABQB_WABQAU__crt_locale_pointers@@ABQAD@?$standard_base@_WV?$string_output_adapter@_W@__crt_stdio_output@@@__crt_stdio_output@@IAE@ABV?$string_output_adapter@_W@1@AB_KABQB_WABQAU__crt_locale_pointers@@ABQAD@Z 1001d550 f i libucrt:output.obj
 0001:0001c88b       ??$__crt_interlocked_read@J@@YAJPDJ@Z 1001d88b f i libucrt:output.obj
 0001:0001d729       ??$count@D@formatting_buffer@__crt_stdio_output@@QBEIXZ 1001e729 f i libucrt:output.obj
 0001:0001d741       ??$count@_W@formatting_buffer@__crt_stdio_output@@QBEIXZ 1001e741 f i libucrt:output.obj
 0001:0001d75a       ??$data@D@formatting_buffer@__crt_stdio_output@@QAEPADXZ 1001e75a f i libucrt:output.obj
 0001:0001d767       ??$data@_W@formatting_buffer@__crt_stdio_output@@QAEPA_WXZ 1001e767 f i libucrt:output.obj
 0001:0001d774       ??$ensure_buffer_is_big_enough@D@formatting_buffer@__crt_stdio_output@@QAE_NI@Z 1001e774 f i libucrt:output.obj
 0001:0001d7f1       ??$ensure_buffer_is_big_enough@_W@formatting_buffer@__crt_stdio_output@@QAE_NI@Z 1001e7f1 f i libucrt:output.obj
 0001:0001d86f       ??$extract_argument_from_va_list@C_J@?$positional_parameter_base@DV?$stream_output_adapter@D@__crt_stdio_output@@@__crt_stdio_output@@IAE_NAA_J@Z 1001e86f f i libucrt:output.obj
 0001:0001d8e8       ??$extract_argument_from_va_list@C_J@?$positional_parameter_base@DV?$string_output_adapter@D@__crt_stdio_output@@@__crt_stdio_output@@IAE_NAA_J@Z 1001e8e8 f i libucrt:output.obj
 0001:0001d961       ??$extract_argument_from_va_list@C_J@?$positional_parameter_base@_WV?$stream_output_adapter@_W@__crt_stdio_output@@@__crt_stdio_output@@IAE_NAA_J@Z 1001e961 f i libucrt:output.obj
 0001:0001d9da       ??$extract_argument_from_va_list@C_J@?$positional_parameter_base@_WV?$string_output_adapter@_W@__crt_stdio_output@@@__crt_stdio_output@@IAE_NAA_J@Z 1001e9da f i libucrt:output.obj
 0001:0001da53       ??$extract_argument_from_va_list@C_J@?$standard_base@DV?$stream_output_adapter@D@__crt_stdio_output@@@__crt_stdio_output@@IAE_NAA_J@Z 1001ea53 f i libucrt:output.obj
 0001:0001da72       ??$extract_argument_from_va_list@C_J@?$standard_base@DV?$string_output_adapter@D@__crt_stdio_output@@@__crt_stdio_output@@IAE_NAA_J@Z 1001ea72 f i libucrt:output.obj
 0001:0001da91       ??$extract_argument_from_va_list@C_J@?$standard_base@_WV?$stream_output_adapter@_W@__crt_stdio_output@@@__crt_stdio_output@@IAE_NAA_J@Z 1001ea91 f i libucrt:output.obj
 0001:0001dab0       ??$extract_argument_from_va_list@C_J@?$standard_base@_WV?$string_output_adapter@_W@__crt_stdio_output@@@__crt_stdio_output@@IAE_NAA_J@Z 1001eab0 f i libucrt:output.obj
 0001:0001dacf       ??$extract_argument_from_va_list@E_J@?$positional_parameter_base@DV?$stream_output_adapter@D@__crt_stdio_output@@@__crt_stdio_output@@IAE_NAA_J@Z 1001eacf f i libucrt:output.obj
 0001:0001db48       ??$extract_argument_from_va_list@E_J@?$positional_parameter_base@DV?$string_output_adapter@D@__crt_stdio_output@@@__crt_stdio_output@@IAE_NAA_J@Z 1001eb48 f i libucrt:output.obj
 0001:0001dbc1       ??$extract_argument_from_va_list@E_J@?$positional_parameter_base@_WV?$stream_output_adapter@_W@__crt_stdio_output@@@__crt_stdio_output@@IAE_NAA_J@Z 1001ebc1 f i libucrt:output.obj
 0001:0001dc3a       ??$extract_argument_from_va_list@E_J@?$positional_parameter_base@_WV?$string_output_adapter@_W@__crt_stdio_output@@@__crt_stdio_output@@IAE_NAA_J@Z 1001ec3a f i libucrt:output.obj
 0001:0001dcb3       ??$extract_argument_from_va_list@E_J@?$standard_base@DV?$stream_output_adapter@D@__crt_stdio_output@@@__crt_stdio_output@@IAE_NAA_J@Z 1001ecb3 f i libucrt:output.obj
 0001:0001dcd2       ??$extract_argument_from_va_list@E_J@?$standard_base@DV?$string_output_adapter@D@__crt_stdio_output@@@__crt_stdio_output@@IAE_NAA_J@Z 1001ecd2 f i libucrt:output.obj
 0001:0001dcf1       ??$extract_argument_from_va_list@E_J@?$standard_base@_WV?$stream_output_adapter@_W@__crt_stdio_output@@@__crt_stdio_output@@IAE_NAA_J@Z 1001ecf1 f i libucrt:output.obj
 0001:0001dd10       ??$extract_argument_from_va_list@E_J@?$standard_base@_WV?$string_output_adapter@_W@__crt_stdio_output@@@__crt_stdio_output@@IAE_NAA_J@Z 1001ed10 f i libucrt:output.obj
 0001:0001dd2f       ??$extract_argument_from_va_list@F_J@?$positional_parameter_base@DV?$stream_output_adapter@D@__crt_stdio_output@@@__crt_stdio_output@@IAE_NAA_J@Z 1001ed2f f i libucrt:output.obj
 0001:0001dda8       ??$extract_argument_from_va_list@F_J@?$positional_parameter_base@DV?$string_output_adapter@D@__crt_stdio_output@@@__crt_stdio_output@@IAE_NAA_J@Z 1001eda8 f i libucrt:output.obj
 0001:0001de21       ??$extract_argument_from_va_list@F_J@?$positional_parameter_base@_WV?$stream_output_adapter@_W@__crt_stdio_output@@@__crt_stdio_output@@IAE_NAA_J@Z 1001ee21 f i libucrt:output.obj
 0001:0001de9a       ??$extract_argument_from_va_list@F_J@?$positional_parameter_base@_WV?$string_output_adapter@_W@__crt_stdio_output@@@__crt_stdio_output@@IAE_NAA_J@Z 1001ee9a f i libucrt:output.obj
 0001:0001df13       ??$extract_argument_from_va_list@F_J@?$standard_base@DV?$stream_output_adapter@D@__crt_stdio_output@@@__crt_stdio_output@@IAE_NAA_J@Z 1001ef13 f i libucrt:output.obj
 0001:0001df32       ??$extract_argument_from_va_list@F_J@?$standard_base@DV?$string_output_adapter@D@__crt_stdio_output@@@__crt_stdio_output@@IAE_NAA_J@Z 1001ef32 f i libucrt:output.obj
 0001:0001df51       ??$extract_argument_from_va_list@F_J@?$standard_base@_WV?$stream_output_adapter@_W@__crt_stdio_output@@@__crt_stdio_output@@IAE_NAA_J@Z 1001ef51 f i libucrt:output.obj
 0001:0001df70       ??$extract_argument_from_va_list@F_J@?$standard_base@_WV?$string_output_adapter@_W@__crt_stdio_output@@@__crt_stdio_output@@IAE_NAA_J@Z 1001ef70 f i libucrt:output.obj
 0001:0001df8f       ??$extract_argument_from_va_list@GD@?$positional_parameter_base@DV?$stream_output_adapter@D@__crt_stdio_output@@@__crt_stdio_output@@IAE_NAAD@Z 1001ef8f f i libucrt:output.obj
 0001:0001e007       ??$extract_argument_from_va_list@GD@?$positional_parameter_base@DV?$string_output_adapter@D@__crt_stdio_output@@@__crt_stdio_output@@IAE_NAAD@Z 1001f007 f i libucrt:output.obj
 0001:0001e07f       ??$extract_argument_from_va_list@GD@?$standard_base@DV?$stream_output_adapter@D@__crt_stdio_output@@@__crt_stdio_output@@IAE_NAAD@Z 1001f07f f i libucrt:output.obj
 0001:0001e099       ??$extract_argument_from_va_list@GD@?$standard_base@DV?$string_output_adapter@D@__crt_stdio_output@@@__crt_stdio_output@@IAE_NAAD@Z 1001f099 f i libucrt:output.obj
 0001:0001e0b3       ??$extract_argument_from_va_list@G_J@?$positional_parameter_base@DV?$stream_output_adapter@D@__crt_stdio_output@@@__crt_stdio_output@@IAE_NAA_J@Z 1001f0b3 f i libucrt:output.obj
 0001:0001e12c       ??$extract_argument_from_va_list@G_J@?$positional_parameter_base@DV?$string_output_adapter@D@__crt_stdio_output@@@__crt_stdio_output@@IAE_NAA_J@Z 1001f12c f i libucrt:output.obj
 0001:0001e1a5       ??$extract_argument_from_va_list@G_J@?$positional_parameter_base@_WV?$stream_output_adapter@_W@__crt_stdio_output@@@__crt_stdio_output@@IAE_NAA_J@Z 1001f1a5 f i libucrt:output.obj
 0001:0001e21e       ??$extract_argument_from_va_list@G_J@?$positional_parameter_base@_WV?$string_output_adapter@_W@__crt_stdio_output@@@__crt_stdio_output@@IAE_NAA_J@Z 1001f21e f i libucrt:output.obj
 0001:0001e297       ??$extract_argument_from_va_list@G_J@?$standard_base@DV?$stream_output_adapter@D@__crt_stdio_output@@@__crt_stdio_output@@IAE_NAA_J@Z 1001f297 f i libucrt:output.obj
 0001:0001e2b6       ??$extract_argument_from_va_list@G_J@?$standard_base@DV?$string_output_adapter@D@__crt_stdio_output@@@__crt_stdio_output@@IAE_NAA_J@Z 1001f2b6 f i libucrt:output.obj
 0001:0001e2d5       ??$extract_argument_from_va_list@G_J@?$standard_base@_WV?$stream_output_adapter@_W@__crt_stdio_output@@@__crt_stdio_output@@IAE_NAA_J@Z 1001f2d5 f i libucrt:output.obj
 0001:0001e2f4       ??$extract_argument_from_va_list@G_J@?$standard_base@_WV?$string_output_adapter@_W@__crt_stdio_output@@@__crt_stdio_output@@IAE_NAA_J@Z 1001f2f4 f i libucrt:output.obj
 0001:0001e313       ??$extract_argument_from_va_list@H_J@?$positional_parameter_base@DV?$stream_output_adapter@D@__crt_stdio_output@@@__crt_stdio_output@@IAE_NAA_J@Z 1001f313 f i libucrt:output.obj
 0001:0001e38a       ??$extract_argument_from_va_list@H_J@?$positional_parameter_base@DV?$string_output_adapter@D@__crt_stdio_output@@@__crt_stdio_output@@IAE_NAA_J@Z 1001f38a f i libucrt:output.obj
 0001:0001e401       ??$extract_argument_from_va_list@H_J@?$positional_parameter_base@_WV?$stream_output_adapter@_W@__crt_stdio_output@@@__crt_stdio_output@@IAE_NAA_J@Z 1001f401 f i libucrt:output.obj
 0001:0001e478       ??$extract_argument_from_va_list@H_J@?$positional_parameter_base@_WV?$string_output_adapter@_W@__crt_stdio_output@@@__crt_stdio_output@@IAE_NAA_J@Z 1001f478 f i libucrt:output.obj
 0001:0001e4ef       ??$extract_argument_from_va_list@H_J@?$standard_base@DV?$stream_output_adapter@D@__crt_stdio_output@@@__crt_stdio_output@@IAE_NAA_J@Z 1001f4ef f i libucrt:output.obj
 0001:0001e50d       ??$extract_argument_from_va_list@H_J@?$standard_base@DV?$string_output_adapter@D@__crt_stdio_output@@@__crt_stdio_output@@IAE_NAA_J@Z 1001f50d f i libucrt:output.obj
 0001:0001e52b       ??$extract_argument_from_va_list@H_J@?$standard_base@_WV?$stream_output_adapter@_W@__crt_stdio_output@@@__crt_stdio_output@@IAE_NAA_J@Z 1001f52b f i libucrt:output.obj
 0001:0001e549       ??$extract_argument_from_va_list@H_J@?$standard_base@_WV?$string_output_adapter@_W@__crt_stdio_output@@@__crt_stdio_output@@IAE_NAA_J@Z 1001f549 f i libucrt:output.obj
 0001:0001e567       ??$extract_argument_from_va_list@I_J@?$positional_parameter_base@DV?$stream_output_adapter@D@__crt_stdio_output@@@__crt_stdio_output@@IAE_NAA_J@Z 1001f567 f i libucrt:output.obj
 0001:0001e5e7       ??$extract_argument_from_va_list@I_J@?$positional_parameter_base@DV?$string_output_adapter@D@__crt_stdio_output@@@__crt_stdio_output@@IAE_NAA_J@Z 1001f5e7 f i libucrt:output.obj
 0001:0001e667       ??$extract_argument_from_va_list@I_J@?$positional_parameter_base@_WV?$stream_output_adapter@_W@__crt_stdio_output@@@__crt_stdio_output@@IAE_NAA_J@Z 1001f667 f i libucrt:output.obj
 0001:0001e6e7       ??$extract_argument_from_va_list@I_J@?$positional_parameter_base@_WV?$string_output_adapter@_W@__crt_stdio_output@@@__crt_stdio_output@@IAE_NAA_J@Z 1001f6e7 f i libucrt:output.obj
 0001:0001e767       ??$extract_argument_from_va_list@I_J@?$standard_base@DV?$stream_output_adapter@D@__crt_stdio_output@@@__crt_stdio_output@@IAE_NAA_J@Z 1001f767 f i libucrt:output.obj
 0001:0001e785       ??$extract_argument_from_va_list@I_J@?$standard_base@DV?$string_output_adapter@D@__crt_stdio_output@@@__crt_stdio_output@@IAE_NAA_J@Z 1001f785 f i libucrt:output.obj
 0001:0001e7a3       ??$extract_argument_from_va_list@I_J@?$standard_base@_WV?$stream_output_adapter@_W@__crt_stdio_output@@@__crt_stdio_output@@IAE_NAA_J@Z 1001f7a3 f i libucrt:output.obj
 0001:0001e7c1       ??$extract_argument_from_va_list@I_J@?$standard_base@_WV?$string_output_adapter@_W@__crt_stdio_output@@@__crt_stdio_output@@IAE_NAA_J@Z 1001f7c1 f i libucrt:output.obj
 0001:0001e7df       ??$extract_argument_from_va_list@PADPAD@?$positional_parameter_base@DV?$stream_output_adapter@D@__crt_stdio_output@@@__crt_stdio_output@@IAE_NAAPAD@Z 1001f7df f i libucrt:output.obj
 0001:0001e857       ??$extract_argument_from_va_list@PADPAD@?$positional_parameter_base@DV?$string_output_adapter@D@__crt_stdio_output@@@__crt_stdio_output@@IAE_NAAPAD@Z 1001f857 f i libucrt:output.obj
 0001:0001e8cf       ??$extract_argument_from_va_list@PADPAD@?$positional_parameter_base@_WV?$stream_output_adapter@_W@__crt_stdio_output@@@__crt_stdio_output@@IAE_NAAPAD@Z 1001f8cf f i libucrt:output.obj
 0001:0001e947       ??$extract_argument_from_va_list@PADPAD@?$positional_parameter_base@_WV?$string_output_adapter@_W@__crt_stdio_output@@@__crt_stdio_output@@IAE_NAAPAD@Z 1001f947 f i libucrt:output.obj
 0001:0001e9bf       ??$extract_argument_from_va_list@PADPAD@?$standard_base@DV?$stream_output_adapter@D@__crt_stdio_output@@@__crt_stdio_output@@IAE_NAAPAD@Z 1001f9bf f i libucrt:output.obj
 0001:0001e9d9       ??$extract_argument_from_va_list@PADPAD@?$standard_base@DV?$string_output_adapter@D@__crt_stdio_output@@@__crt_stdio_output@@IAE_NAAPAD@Z 1001f9d9 f i libucrt:output.obj
 0001:0001e9f3       ??$extract_argument_from_va_list@PADPAD@?$standard_base@_WV?$stream_output_adapter@_W@__crt_stdio_output@@@__crt_stdio_output@@IAE_NAAPAD@Z 1001f9f3 f i libucrt:output.obj
 0001:0001ea0d       ??$extract_argument_from_va_list@PADPAD@?$standard_base@_WV?$string_output_adapter@_W@__crt_stdio_output@@@__crt_stdio_output@@IAE_NAAPAD@Z 1001fa0d f i libucrt:output.obj
 0001:0001ed3f       ??$extract_argument_from_va_list@PAXPAX@?$positional_parameter_base@DV?$stream_output_adapter@D@__crt_stdio_output@@@__crt_stdio_output@@IAE_NAAPAX@Z 1001fd3f f i libucrt:output.obj
 0001:0001edb7       ??$extract_argument_from_va_list@PAXPAX@?$positional_parameter_base@DV?$string_output_adapter@D@__crt_stdio_output@@@__crt_stdio_output@@IAE_NAAPAX@Z 1001fdb7 f i libucrt:output.obj
 0001:0001ee2f       ??$extract_argument_from_va_list@PAXPAX@?$positional_parameter_base@_WV?$stream_output_adapter@_W@__crt_stdio_output@@@__crt_stdio_output@@IAE_NAAPAX@Z 1001fe2f f i libucrt:output.obj
 0001:0001eea7       ??$extract_argument_from_va_list@PAXPAX@?$positional_parameter_base@_WV?$string_output_adapter@_W@__crt_stdio_output@@@__crt_stdio_output@@IAE_NAAPAX@Z 1001fea7 f i libucrt:output.obj
 0001:0001ef1f       ??$extract_argument_from_va_list@PAXPAX@?$standard_base@DV?$stream_output_adapter@D@__crt_stdio_output@@@__crt_stdio_output@@IAE_NAAPAX@Z 1001ff1f f i libucrt:output.obj
 0001:0001ef39       ??$extract_argument_from_va_list@PAXPAX@?$standard_base@DV?$string_output_adapter@D@__crt_stdio_output@@@__crt_stdio_output@@IAE_NAAPAX@Z 1001ff39 f i libucrt:output.obj
[...]
 0002:0000c908       __sehtable$?__acrt_stdio_allocate_stream@@YA?AV__crt_stdio_stream@@XZ 10060908     libucrt:stream.obj
 0002:0000c928       __sehtable$??$?RV<lambda_2866be3712abc81a800a822484c830d8>@@AAV<lambda_39ca0ed439415581b5b15c265174cece>@@V<lambda_2b24c74d71094a6cd0cb82e44167d71b>@@@?$__crt_seh_guarded_call@X@@QAEX$$QAV<lambda_2866be3712abc81a800a822484c830d8>@@AAV<lambda_39ca0ed439415581b5b15c265174cece>@@$$QAV<lambda_2b24c74d71094a6cd0cb82e44167d71b>@@@Z 10060928     libucrt:fflush.obj
 0002:0000c948       __sehtable$??$?RV<lambda_2cc53f568c5a2bb6f192f930a45d44ea>@@AAV<lambda_ab61a845afdef5b7c387490eaf3616ee>@@V<lambda_c2ffc0b7726aa6be21d5f0026187e748>@@@?$__crt_seh_guarded_call@X@@QAEX$$QAV<lambda_2cc53f568c5a2bb6f192f930a45d44ea>@@AAV<lambda_ab61a845afdef5b7c387490eaf3616ee>@@$$QAV<lambda_c2ffc0b7726aa6be21d5f0026187e748>@@@Z 10060948     libucrt:fflush.obj
 0002:0000c968       __sehtable$??$?RV<lambda_6d20deecaf4856105ebacbad442d1079>@@AAV<lambda_9a32fed5bf61b6b509b2d3f6003082a1>@@V<lambda_63ea2239ed67c638ddbae41947fdf875>@@@?$__crt_seh_guarded_call@H@@QAEH$$QAV<lambda_6d20deecaf4856105ebacbad442d1079>@@AAV<lambda_9a32fed5bf61b6b509b2d3f6003082a1>@@$$QAV<lambda_63ea2239ed67c638ddbae41947fdf875>@@@Z 10060968     libucrt:fflush.obj
 0002:0000c988       __sehtable$?update_thread_multibyte_data_internal@@YAPAU__crt_multibyte_data@@QAU__acrt_ptd@@QAPAU1@@Z 10060988     libucrt:mbctype.obj
 0002:0000c9a8       __sehtable$??$?RV<lambda_ceb1ee4838e85a9d631eb091e2fbe199>@@AAV<lambda_ae742caa10f662c28703da3d2ea5e57e>@@V<lambda_cd08b5d6af4937fe54fc07d0c9bf6b37>@@@?$__crt_seh_guarded_call@X@@QAEX$$QAV<lambda_ceb1ee4838e85a9d631eb091e2fbe199>@@AAV<lambda_ae742caa10f662c28703da3d2ea5e57e>@@$$QAV<lambda_cd08b5d6af4937fe54fc07d0c9bf6b37>@@@Z 100609a8     libucrt:mbctype.obj
 0002:0000c9c8       __sehtable$__query_new_handler 100609c8     libucrt:new_handler.obj
 0002:0000c9e8       __sehtable$__set_new_handler 100609e8     libucrt:new_handler.obj
 0002:0000ca08       __sehtable$_signal         10060a08     libucrt:signal.obj
 0002:0000ca28       __sehtable$_raise          10060a28     libucrt:signal.obj
 0002:0000ca48       __sehtable$?ctrlevent_capture@@YGHK@Z 10060a48     libucrt:signal.obj
 0002:0000ca68       __sehtable$??$?RV<lambda_cbab9ec6f41b0180b23cc171c22676b0>@@AAV<lambda_44731a7d0e6d81c3e6aa82d741081786>@@V<lambda_4b292cb8dd18144e164572427af410ab>@@@?$__crt_seh_guarded_call@P6AXH@Z@@QAEP6AXH@Z$$QAV<lambda_cbab9ec6f41b0180b23cc171c22676b0>@@AAV<lambda_44731a7d0e6d81c3e6aa82d741081786>@@$$QAV<lambda_4b292cb8dd18144e164572427af410ab>@@@Z 10060a68     libucrt:signal.obj
 0002:0000ca88       __sehtable$___acrt_update_thread_locale_data 10060a88     libucrt:locale_refcounting.obj
 0002:0000caa8       __sehtable$__fcloseall     10060aa8     libucrt:closeall.obj
 0002:0000cac8       __sehtable$??$?RV<lambda_9e9de3de5fa147e2223d7db92bc10aa6>@@AAV<lambda_38ce7e780aa69e748d6df282ebc68efe>@@V<lambda_8ca6da459f0f6780f1cff60fdc3d00e5>@@@?$__crt_seh_guarded_call@H@@QAEH$$QAV<lambda_9e9de3de5fa147e2223d7db92bc10aa6>@@AAV<lambda_38ce7e780aa69e748d6df282ebc68efe>@@$$QAV<lambda_8ca6da459f0f6780f1cff60fdc3d00e5>@@@Z 10060ac8     libucrt:commit.obj
 0002:0000cae8       __sehtable$___set_fpsr_sse2 10060ae8     libucrt:fpctrl.obj
 0002:0000cb08       __sehtable$__IsNonwritableInCurrentImage 10060b08     LIBCMT:pesect.obj
 0002:0000cb30       .edata                     10060b30     zlib.exp
 0002:0000cb58       rgpv                       10060b58     zlib.exp
 0002:0000ce14       rgszName                   10060e14     zlib.exp
 0002:0000d018       rgwOrd                     10061018     zlib.exp
 0002:0000d11a       szName                     1006111a     zlib.exp
 0002:0000d123       $N00001                    10061123     zlib.exp
 0002:0000d12b       $N00140                    1006112b     zlib.exp
 0002:0000d13b       $N00174                    1006113b     zlib.exp
 0002:0000d145       $N00039                    10061145     zlib.exp
 0002:0000d14f       $N00002                    1006114f     zlib.exp
 0002:0000d158       $N00046                    10061158     zlib.exp
 0002:0000d166       $N00003                    10061166     zlib.exp
 0002:0000d16c       $N00142                    1006116c     zlib.exp
 0002:0000d17a       $N00175                    1006117a     zlib.exp
 0002:0000d182       $N00004                    10061182     zlib.exp
 0002:0000d18a       $N00047                    1006118a     zlib.exp
 0002:0000d197       $N00005                    10061197     zlib.exp
 0002:0000d1a3       $N00006                    100611a3     zlib.exp
 0002:0000d1ae       $N00173                    100611ae     zlib.exp
 0002:0000d1c3       $N00007                    100611c3     zlib.exp
 0002:0000d1d1       $N00008                    100611d1     zlib.exp
 0002:0000d1de       $N00009                    100611de     zlib.exp
 0002:0000d1ec       $N00052                    100611ec     zlib.exp
 0002:0000d1fb       $N00051                    100611fb     zlib.exp
 0002:0000d208       $N00010                    10061208     zlib.exp
 0002:0000d215       $N00164                    10061215     zlib.exp
 0002:0000d226       $N00011                    10061226     zlib.exp
 0002:0000d23b       $N00144                    1006123b     zlib.exp
 0002:0000d24c       $N00145                    1006124c     zlib.exp
 0002:0000d258       $N00110                    10061258     zlib.exp
 0002:0000d26c       $N00111                    1006126c     zlib.exp
 0002:0000d282       $N00112                    10061282     zlib.exp
 0002:0000d299       $N00113                    10061299     zlib.exp
 0002:0000d2b0       $N00038                    100612b0     zlib.exp
 0002:0000d2be       $N00146                    100612be     zlib.exp
 0002:0000d2c7       $N00048                    100612c7     zlib.exp
 0002:0000d2d2       $N00012                    100612d2     zlib.exp
 0002:0000d2da       $N00147                    100612da     zlib.exp
 0002:0000d2e4       $N00148                    100612e4     zlib.exp
 0002:0000d2ee       $N00149                    100612ee     zlib.exp
 0002:0000d2f7       $N00013                    100612f7     zlib.exp
 0002:0000d2ff       $N00034                    100612ff     zlib.exp
 0002:0000d305       $N00014                    10061305     zlib.exp
 0002:0000d30d       $N00015                    1006130d     zlib.exp
 0002:0000d315       $N00171                    10061315     zlib.exp
 0002:0000d31d       $N00172                    1006131d     zlib.exp
 0002:0000d326       $N00030                    10061326     zlib.exp
 0002:0000d32d       $N00161                    1006132d     zlib.exp
 0002:0000d335       $N00041                    10061335     zlib.exp
 0002:0000d33c       $N00150                    1006133c     zlib.exp
 0002:0000d345       $N00016                    10061345     zlib.exp
 0002:0000d34c       $N00165                    1006134c     zlib.exp
 0002:0000d355       $N00028                    10061355     zlib.exp
 0002:0000d35e       $N00029                    1006135e     zlib.exp
 0002:0000d365       $N00040                    10061365     zlib.exp
 0002:0000d36c       $N00017                    1006136c     zlib.exp
 0002:0000d373       $N00032                    10061373     zlib.exp
 0002:0000d37c       $N00031                    1006137c     zlib.exp
 0002:0000d383       $N00035                    10061383     zlib.exp
 0002:0000d38f       $N00033                    1006138f     zlib.exp
 0002:0000d396       $N00049                    10061396     zlib.exp
 0002:0000d39f       $N00167                    1006139f     zlib.exp
 0002:0000d3a9       $N00018                    100613a9     zlib.exp
 0002:0000d3b1       $N00019                    100613b1     zlib.exp
 0002:0000d3b9       $N00044                    100613b9     zlib.exp
 0002:0000d3c5       $N00045                    100613c5     zlib.exp
 0002:0000d3d4       $N00043                    100613d4     zlib.exp
 0002:0000d3e5       $N00168                    100613e5     zlib.exp
 0002:0000d3f6       $N00042                    100613f6     zlib.exp
 0002:0000d402       $N00020                    10061402     zlib.exp
 0002:0000d40d       $N00166                    1006140d     zlib.exp
 0002:0000d422       $N00156                    10061422     zlib.exp
 0002:0000d433       $N00021                    10061433     zlib.exp
 0002:0000d441       $N00022                    10061441     zlib.exp
 0002:0000d44e       $N00157                    1006144e     zlib.exp
 0002:0000d45a       $N00158                    1006145a     zlib.exp
 0002:0000d467       $N00159                    10061467     zlib.exp
 0002:0000d475       $N00023                    10061475     zlib.exp
 0002:0000d482       $N00163                    10061482     zlib.exp
 0002:0000d493       $N00024                    10061493     zlib.exp
 0002:0000d4a8       $N00025                    100614a8     zlib.exp
 0002:0000d4b4       $N00037                    100614b4     zlib.exp
 0002:0000d4c5       $N00160                    100614c5     zlib.exp
 0002:0000d4d6       $N00169                    100614d6     zlib.exp
 0002:0000d4e6       $N00170                    100614e6     zlib.exp
 0002:0000d4f2       $N00026                    100614f2     zlib.exp
 0002:0000d4fd       $N00062                    100614fd     zlib.exp
 0002:0000d506       $N00072                    10061506     zlib.exp
 0002:0000d51a       $N00124                    1006151a     zlib.exp
 0002:0000d532       $N00064                    10061532     zlib.exp
 0002:0000d548       $N00125                    10061548     zlib.exp
 0002:0000d566       $N00127                    10061566     zlib.exp
 0002:0000d576       $N00100                    10061576     zlib.exp
 0002:0000d584       $N00073                    10061584     zlib.exp
 0002:0000d598       $N00122                    10061598     zlib.exp
 0002:0000d5ab       $N00063                    100615ab     zlib.exp
 0002:0000d5bc       $N00076                    100615bc     zlib.exp
 0002:0000d5d2       $N00128                    100615d2     zlib.exp
 0002:0000d5e3       $N00101                    100615e3     zlib.exp
 0002:0000d5f2       $N00065                    100615f2     zlib.exp
 0002:0000d603       $N00066                    10061603     zlib.exp
 0002:0000d613       $N00075                    10061613     zlib.exp
 0002:0000d621       $N00077                    10061621     zlib.exp
 0002:0000d62a       $N00121                    1006162a     zlib.exp
 0002:0000d636       $N00120                    10061636     zlib.exp
 0002:0000d640       $N00061                    10061640     zlib.exp
 0002:0000d648       $N00078                    10061648     zlib.exp
 0002:0000d65c       $N00069                    1006165c     zlib.exp
 0002:0000d670       $N00067                    10061670     zlib.exp
 0002:0000d683       $N00079                    10061683     zlib.exp
 0002:0000d69e       $N00068                    1006169e     zlib.exp
 0002:0000d6b1       $N00074                    100616b1     zlib.exp
 0002:0000d6ca       $N00071                    100616ca     zlib.exp
 0002:0000d6d1       $N00126                    100616d1     zlib.exp
 0002:0000d6db       $N00070                    100616db     zlib.exp
 0002:0000d6e3       $N00036                    100616e3     zlib.exp
 0002:0000d6ea       $N00084                    100616ea     zlib.exp
 0002:0000d6f3       $N00083                    100616f3     zlib.exp
 0002:0000d705       $N00136                    10061705     zlib.exp
 0002:0000d71c       $N00087                    1006171c     zlib.exp
 0002:0000d731       $N00088                    10061731     zlib.exp
 0002:0000d73a       $N00131                    1006173a     zlib.exp
 0002:0000d746       $N00130                    10061746     zlib.exp
 0002:0000d750       $N00080                    10061750     zlib.exp
 0002:0000d758       $N00086                    10061758     zlib.exp
 0002:0000d76d       $N00133                    1006176d     zlib.exp
 0002:0000d785       $N00089                    10061785     zlib.exp
 0002:0000d79a       $N00134                    1006179a     zlib.exp
 0002:0000d7b2       $N00135                    100617b2     zlib.exp
 0002:0000d7ca       $N00132                    100617ca     zlib.exp
 0002:0000d7e0       $N00081                    100617e0     zlib.exp
 0002:0000d7f4       $N00082                    100617f4     zlib.exp
 0002:0000d808       $N00050                    10061808     zlib.exp
 0002:0000d819       $N00027                    10061819     zlib.exp
 0002:0000da04       .idata$6                   10061a04     kernel32:KERNEL32.dll
 0003:00000020       ?__vcrt_flsindex@@3KA      10062020     libvcruntime:per_thread_data.obj
 0003:00000140       ?errno_no_memory@@3HA      10062140     libucrt:errno.obj
 0003:00000144       ?doserrno_no_memory@@3KA   10062144     libucrt:errno.obj
 0003:00000188       ?__acrt_flsindex@@3KA      10062188     libucrt:per_thread_data.obj
 0003:0000018c       __ctype_loc_style          1006218c     libucrt:wsetlocale.obj
 0003:00000528       __mbctypes                 10062528     libucrt:mbctype.obj
 0003:00000630       __mbcasemaps               10062630     libucrt:mbctype.obj
 0003:00000730       ?__rgctypeflag@@3PADA      10062730     libucrt:mbctype.obj
 0003:00000738       ?__rgcode_page_info@@3PAUcode_page_info@@A 10062738     libucrt:mbctype.obj
 0003:0000088c       ?__dcrt_lowio_console_output_handle@@3PAXA 1006288c     libucrt:initcon.obj
 0003:00000890       ?__DAZ_ENABLED@?1??__set_fpsr_sse2@@9@9 10062890     libucrt:fpctrl.obj
 0003:000009c0       ?__proc_attached@@3HA      100629c0     LIBCMT:dll_dllmain.obj
 0003:000009e8       ?is_initialized_as_dll@@3_NA 100629e8     LIBCMT:utility.obj
 0003:000009e9       ?module_local_atexit_table_initialized@@3_NA 100629e9     LIBCMT:utility.obj
 0003:000009ec       ?module_local_atexit_table@@3U_onexit_table_t@@A 100629ec     LIBCMT:utility.obj
 0003:000009f8       ?module_local_at_quick_exit_table@@3U_onexit_table_t@@A 100629f8     LIBCMT:utility.obj
 0003:00000a10       _GS_ExceptionRecord        10062a10     LIBCMT:gs_report.obj
 0003:00000a60       _GS_ContextRecord          10062a60     LIBCMT:gs_report.obj
 0003:00000d58       ?heap@@3V_HeapManager@@A   10062d58     libvcruntime:undname.obj
 0003:00000d6c       ?__vcrt_startup_thread_ptd@@3U__vcrt_ptd@@A 10062d6c     libvcruntime:per_thread_data.obj
 0003:00000d94       ___vcrt_lock_table         10062d94     libvcruntime:locks.obj
 0003:00000dac       ___vcrt_locks_initialized  10062dac     libvcruntime:locks.obj
 0003:00000db0       ?module_handles@@3PAPAUHINSTANCE__@@A 10062db0     libvcruntime:winapi_downlevel.obj
 0003:00000dbc       ?function_pointers@@3PAPAXA 10062dbc     libvcruntime:winapi_downlevel.obj
 0003:00000dd4       ?c_termination_complete@@3JA 10062dd4     libucrt:exit.obj
 0003:00000dd8       ?thread_local_exit_callback_func@@3P6GXPAXK0@ZA 10062dd8     libucrt:exit.obj
 0003:00000de0       ?program_name@?1???$common_configure_argv@D@@YAHW4_crt_argv_mode@@@Z@4PADA 10062de0     libucrt:argv_parsing.obj
 0003:00000ee8       ?program_name@?1???$common_configure_argv@_W@@YAHW4_crt_argv_mode@@@Z@4PA_WA 10062ee8     libucrt:argv_parsing.obj
 0003:0000111c       ?__acrt_invalid_parameter_handler@@3V?$dual_state_global@P6AXPB_W00II@Z@__crt_state_management@@A 1006311c     libucrt:invalid_parameter.obj
 0003:00001328       ?module_handles@@3PAPAUHINSTANCE__@@A 10063328     libucrt:winapi_thunks.obj
 0003:00001378       ?encoded_function_pointers@@3PAPAXA 10063378     libucrt:winapi_thunks.obj
 0003:00001400       ?static_enum_proc@?1??enum_system_locales_ex_nolock@@YAHQ6GHPA_WKJ@Z@Z@4P6GH0KJ@ZA 10063400     libucrt:winapi_thunks.obj
 0003:00001410       ?local_state@?6??_wcrtomb_s_l@@YAHQAHQADI_WQAU_Mbstatet@@QAU__crt_locale_pointers@@@Z@4U2@A 10063410     libucrt:wcrtomb.obj
 0003:00001418       ?internal_state@?1??_mbtowc_l@@9@4U_Mbstatet@@A 10063418     libucrt:mbtowc.obj
 0003:0000142c       ?enable_percent_n@@3IA     1006342c     libucrt:printf_count_output.obj
 0003:00001438       ?mbst@?1??mbrlen@@9@4U_Mbstatet@@A 10063438     libucrt:mbrtowc.obj
 0003:00001440       ?mbst@?1??mbrtowc@@9@4U_Mbstatet@@A 10063440     libucrt:mbrtowc.obj
 0003:00001448       ?mbst@?1??_mbsrtowcs_helper@@YAIPA_WPAPBDIPAU_Mbstatet@@@Z@4U2@A 10063448     libucrt:mbrtowc.obj
 0003:00001450       ?__acrt_lock_table@@3PAU_RTL_CRITICAL_SECTION@@A 10063450     libucrt:locks.obj
 0003:000015a0       ?__acrt_locks_initialized@@3IA 100635a0     libucrt:locks.obj
 0003:000015a4       ?state_cache@?1???$get_cached_win_policy@Ubegin_thread_init_policy_properties@?1??__acrt_get_begin_thread_init_policy@@YA?AW4begin_thread_init_policy@@XZ@@@YA?AW4begin_thread_init_policy@@W4AppPolicyThreadInitializationType@@@Z@4JA 100635a4     libucrt:win_policies.obj
 0003:000015a8       ?state_cache@?1???$get_cached_win_policy@Udeveloper_information_policy_properties@?1??__acrt_get_developer_information_policy@@YA?AW4developer_information_policy@@XZ@@@YA?AW4developer_information_policy@@W4AppPolicyShowDeveloperDiagnostic@@@Z@4JA 100635a8     libucrt:win_policies.obj
 0003:000015ac       ?state_cache@?1???$get_cached_win_policy@Uwindowing_model_policy_properties@?1??__acrt_get_windowing_model_policy@@YA?AW4windowing_model_policy@@XZ@@@YA?AW4windowing_model_policy@@W4AppPolicyWindowingModel@@@Z@4JA 100635ac     libucrt:win_policies.obj
 0003:000015bc       ?fSystemSet@@3HA           100635bc     libucrt:mbctype.obj
 0003:000015c0       ?initialized@?1??__acrt_initialize_multibyte@@9@4_NA 100635c0     libucrt:mbctype.obj
 0003:000015e4       ?__acrt_new_handler@@3V?$dual_state_global@P6AHI@Z@__crt_state_management@@A 100635e4     libucrt:new_handler.obj
 0003:000015e8       ?console_ctrl_handler_installed@@3_NA 100635e8     libucrt:signal.obj
 0003:000015ec       ?ctrlc_action@@3V?$dual_state_global@P6AXH@Z@__crt_state_management@@A 100635ec     libucrt:signal.obj
 0003:000015f0       ?ctrlbreak_action@@3V?$dual_state_global@P6AXH@Z@__crt_state_management@@A 100635f0     libucrt:signal.obj
 0003:000015f4       ?abort_action@@3V?$dual_state_global@P6AXH@Z@__crt_state_management@@A 100635f4     libucrt:signal.obj
 0003:000015f8       ?term_action@@3V?$dual_state_global@P6AXH@Z@__crt_state_management@@A 100635f8     libucrt:signal.obj
 0003:000015fc       ?user_matherr@@3V?$dual_state_global@P6AHPAU_exception@@@Z@__crt_state_management@@A 100635fc     libucrt:matherr.obj
 0003:00001600       ?__acrt_app_type@@3W4_crt_app_type@@A 10063600     libucrt:report_runtime_error.obj
 0003:00001608       ?outmsg@?9??__acrt_report_runtime_error@@9@4PA_WA 10063608     libucrt:report_runtime_error.obj
 0003:00001c30       ?__acrt_global_new_mode@@3V?$dual_state_global@J@__crt_state_management@@A 10063c30     libucrt:new_mode.obj
 0003:00001c40       ?internal_pst@?1??__c16rtomb_utf8@__crt_mbstring@@YAIPAD_SPAU_Mbstatet@@@Z@4U3@A 10063c40     libucrt:c16rtomb.obj
 0003:00001c48       ?internal_pst@?1??__mbrtoc32_utf8@__crt_mbstring@@YAIPA_UPBDIPAU_Mbstatet@@@Z@4U3@A 10063c48     libucrt:mbrtoc32.obj
 0003:00001c54       ___acrt_error_mode         10063c54     libucrt:set_error_mode.obj
 0003:00001c5c       __pmatherr_set             10063c5c     libucrt:libm_error.obj
 0003:00001c60       ?calls@?1??crypthead@@9@9  10063c60     zip.obj
 0004:00000060       $R000000                   10064060     zlib.res
